[2020-12-22T17:14:50.979-0800][gc,heap] Heap region size: 1M
[2020-12-22T17:14:50.988-0800][gc     ] Using G1
[2020-12-22T17:14:50.988-0800][gc,heap,coops] Heap address: 0x00000007c0000000, size: 1024 MB, Compressed Oops mode: Zero based, Oop shift amount: 3
[2020-12-22T17:14:51.927-0800][gc,start     ] GC(0) Pause Young (Concurrent Start) (Metadata GC Threshold)
[2020-12-22T17:14:51.927-0800][gc,task      ] GC(0) Using 8 workers of 8 for evacuation
[2020-12-22T17:14:51.932-0800][gc,phases    ] GC(0)   Pre Evacuate Collection Set: 0.0ms
[2020-12-22T17:14:51.932-0800][gc,phases    ] GC(0)   Evacuate Collection Set: 4.2ms
[2020-12-22T17:14:51.932-0800][gc,phases    ] GC(0)   Post Evacuate Collection Set: 0.4ms
[2020-12-22T17:14:51.932-0800][gc,phases    ] GC(0)   Other: 0.9ms
[2020-12-22T17:14:51.932-0800][gc,heap      ] GC(0) Eden regions: 41->0(44)
[2020-12-22T17:14:51.932-0800][gc,heap      ] GC(0) Survivor regions: 0->7(7)
[2020-12-22T17:14:51.932-0800][gc,heap      ] GC(0) Old regions: 0->0
[2020-12-22T17:14:51.932-0800][gc,heap      ] GC(0) Humongous regions: 0->0
[2020-12-22T17:14:51.932-0800][gc,metaspace ] GC(0) Metaspace: 20691K->20691K(1069056K)
[2020-12-22T17:14:51.932-0800][gc           ] GC(0) Pause Young (Concurrent Start) (Metadata GC Threshold) 41M->6M(1024M) 5.672ms
[2020-12-22T17:14:51.933-0800][gc,cpu       ] GC(0) User=0.02s Sys=0.01s Real=0.01s
[2020-12-22T17:14:51.933-0800][gc           ] GC(1) Concurrent Cycle
[2020-12-22T17:14:51.933-0800][gc,marking   ] GC(1) Concurrent Clear Claimed Marks
[2020-12-22T17:14:51.933-0800][gc,marking   ] GC(1) Concurrent Clear Claimed Marks 0.038ms
[2020-12-22T17:14:51.933-0800][gc,marking   ] GC(1) Concurrent Scan Root Regions
[2020-12-22T17:14:51.935-0800][gc,marking   ] GC(1) Concurrent Scan Root Regions 2.047ms
[2020-12-22T17:14:51.935-0800][gc,marking   ] GC(1) Concurrent Mark (0.963s)
[2020-12-22T17:14:51.935-0800][gc,marking   ] GC(1) Concurrent Mark From Roots
[2020-12-22T17:14:51.935-0800][gc,task      ] GC(1) Using 2 workers of 2 for marking
[2020-12-22T17:14:51.935-0800][gc,marking   ] GC(1) Concurrent Mark From Roots 0.170ms
[2020-12-22T17:14:51.935-0800][gc,marking   ] GC(1) Concurrent Preclean
[2020-12-22T17:14:51.935-0800][gc,marking   ] GC(1) Concurrent Preclean 0.035ms
[2020-12-22T17:14:51.935-0800][gc,marking   ] GC(1) Concurrent Mark (0.963s, 0.964s) 0.267ms
[2020-12-22T17:14:51.935-0800][gc,start     ] GC(1) Pause Remark
[2020-12-22T17:14:51.937-0800][gc,stringtable] GC(1) Cleaned string and symbol table, strings: 7403 processed, 0 removed, symbols: 63981 processed, 32 removed
[2020-12-22T17:14:51.937-0800][gc            ] GC(1) Pause Remark 6M->6M(1024M) 2.033ms
[2020-12-22T17:14:51.938-0800][gc,cpu        ] GC(1) User=0.01s Sys=0.00s Real=0.00s
[2020-12-22T17:14:51.938-0800][gc,marking    ] GC(1) Concurrent Rebuild Remembered Sets
[2020-12-22T17:14:51.938-0800][gc,marking    ] GC(1) Concurrent Rebuild Remembered Sets 0.094ms
[2020-12-22T17:14:51.938-0800][gc,start      ] GC(1) Pause Cleanup
[2020-12-22T17:14:51.938-0800][gc            ] GC(1) Pause Cleanup 6M->6M(1024M) 0.134ms
[2020-12-22T17:14:51.938-0800][gc,cpu        ] GC(1) User=0.00s Sys=0.00s Real=0.00s
[2020-12-22T17:14:51.938-0800][gc,marking    ] GC(1) Concurrent Cleanup for Next Mark
[2020-12-22T17:14:51.943-0800][gc,marking    ] GC(1) Concurrent Cleanup for Next Mark 4.964ms
[2020-12-22T17:14:51.943-0800][gc            ] GC(1) Concurrent Cycle 10.426ms
[2020-12-22T17:14:53.162-0800][gc,start      ] GC(2) Pause Young (Normal) (G1 Evacuation Pause)
[2020-12-22T17:14:53.162-0800][gc,task       ] GC(2) Using 8 workers of 8 for evacuation
[2020-12-22T17:14:53.169-0800][gc,phases     ] GC(2)   Pre Evacuate Collection Set: 0.0ms
[2020-12-22T17:14:53.169-0800][gc,phases     ] GC(2)   Evacuate Collection Set: 6.0ms
[2020-12-22T17:14:53.169-0800][gc,phases     ] GC(2)   Post Evacuate Collection Set: 0.3ms
[2020-12-22T17:14:53.169-0800][gc,phases     ] GC(2)   Other: 0.1ms
[2020-12-22T17:14:53.169-0800][gc,heap       ] GC(2) Eden regions: 44->0(48)
[2020-12-22T17:14:53.169-0800][gc,heap       ] GC(2) Survivor regions: 7->3(7)
[2020-12-22T17:14:53.169-0800][gc,heap       ] GC(2) Old regions: 0->7
[2020-12-22T17:14:53.169-0800][gc,heap       ] GC(2) Humongous regions: 129->129
[2020-12-22T17:14:53.169-0800][gc,metaspace  ] GC(2) Metaspace: 30417K->30417K(1077248K)
[2020-12-22T17:14:53.169-0800][gc            ] GC(2) Pause Young (Normal) (G1 Evacuation Pause) 179M->137M(1024M) 6.623ms
[2020-12-22T17:14:53.169-0800][gc,cpu        ] GC(2) User=0.03s Sys=0.01s Real=0.00s
[2020-12-22T17:14:53.550-0800][gc,start      ] GC(3) Pause Young (Concurrent Start) (Metadata GC Threshold)
[2020-12-22T17:14:53.550-0800][gc,task       ] GC(3) Using 8 workers of 8 for evacuation
[2020-12-22T17:14:53.554-0800][gc,phases     ] GC(3)   Pre Evacuate Collection Set: 0.1ms
[2020-12-22T17:14:53.554-0800][gc,phases     ] GC(3)   Evacuate Collection Set: 3.2ms
[2020-12-22T17:14:53.554-0800][gc,phases     ] GC(3)   Post Evacuate Collection Set: 0.2ms
[2020-12-22T17:14:53.554-0800][gc,phases     ] GC(3)   Other: 0.3ms
[2020-12-22T17:14:53.554-0800][gc,heap       ] GC(3) Eden regions: 25->0(46)
[2020-12-22T17:14:53.554-0800][gc,heap       ] GC(3) Survivor regions: 3->5(7)
[2020-12-22T17:14:53.554-0800][gc,heap       ] GC(3) Old regions: 7->7
[2020-12-22T17:14:53.554-0800][gc,heap       ] GC(3) Humongous regions: 129->129
[2020-12-22T17:14:53.554-0800][gc,metaspace  ] GC(3) Metaspace: 34728K->34728K(1081344K)
[2020-12-22T17:14:53.554-0800][gc            ] GC(3) Pause Young (Concurrent Start) (Metadata GC Threshold) 162M->139M(1024M) 3.907ms
[2020-12-22T17:14:53.554-0800][gc,cpu        ] GC(3) User=0.02s Sys=0.00s Real=0.00s
[2020-12-22T17:14:53.554-0800][gc            ] GC(4) Concurrent Cycle
[2020-12-22T17:14:53.554-0800][gc,marking    ] GC(4) Concurrent Clear Claimed Marks
[2020-12-22T17:14:53.554-0800][gc,marking    ] GC(4) Concurrent Clear Claimed Marks 0.118ms
[2020-12-22T17:14:53.554-0800][gc,marking    ] GC(4) Concurrent Scan Root Regions
[2020-12-22T17:14:53.556-0800][gc,marking    ] GC(4) Concurrent Scan Root Regions 1.927ms
[2020-12-22T17:14:53.556-0800][gc,marking    ] GC(4) Concurrent Mark (2.585s)
[2020-12-22T17:14:53.556-0800][gc,marking    ] GC(4) Concurrent Mark From Roots
[2020-12-22T17:14:53.556-0800][gc,task       ] GC(4) Using 2 workers of 2 for marking
[2020-12-22T17:14:53.560-0800][gc,marking    ] GC(4) Concurrent Mark From Roots 3.741ms
[2020-12-22T17:14:53.560-0800][gc,marking    ] GC(4) Concurrent Preclean
[2020-12-22T17:14:53.560-0800][gc,marking    ] GC(4) Concurrent Preclean 0.089ms
[2020-12-22T17:14:53.560-0800][gc,marking    ] GC(4) Concurrent Mark (2.585s, 2.589s) 3.911ms
[2020-12-22T17:14:53.560-0800][gc,start      ] GC(4) Pause Remark
[2020-12-22T17:14:53.562-0800][gc,stringtable] GC(4) Cleaned string and symbol table, strings: 11562 processed, 6 removed, symbols: 96570 processed, 24 removed
[2020-12-22T17:14:53.563-0800][gc            ] GC(4) Pause Remark 139M->139M(1024M) 2.558ms
[2020-12-22T17:14:53.563-0800][gc,cpu        ] GC(4) User=0.01s Sys=0.00s Real=0.00s
[2020-12-22T17:14:53.563-0800][gc,marking    ] GC(4) Concurrent Rebuild Remembered Sets
[2020-12-22T17:14:53.565-0800][gc,marking    ] GC(4) Concurrent Rebuild Remembered Sets 2.328ms
[2020-12-22T17:14:53.565-0800][gc,start      ] GC(4) Pause Cleanup
[2020-12-22T17:14:53.566-0800][gc            ] GC(4) Pause Cleanup 139M->139M(1024M) 0.145ms
[2020-12-22T17:14:53.566-0800][gc,cpu        ] GC(4) User=0.00s Sys=0.00s Real=0.00s
[2020-12-22T17:14:53.566-0800][gc,marking    ] GC(4) Concurrent Cleanup for Next Mark
[2020-12-22T17:14:53.570-0800][gc,marking    ] GC(4) Concurrent Cleanup for Next Mark 4.858ms
[2020-12-22T17:14:53.571-0800][gc            ] GC(4) Concurrent Cycle 16.571ms
[2020-12-22T17:21:17.510-0800][gc,start      ] GC(5) Pause Young (Normal) (G1 Evacuation Pause)
[2020-12-22T17:21:17.511-0800][gc,task       ] GC(5) Using 8 workers of 8 for evacuation
[2020-12-22T17:21:17.522-0800][gc,phases     ] GC(5)   Pre Evacuate Collection Set: 0.3ms
[2020-12-22T17:21:17.522-0800][gc,phases     ] GC(5)   Evacuate Collection Set: 9.7ms
[2020-12-22T17:21:17.522-0800][gc,phases     ] GC(5)   Post Evacuate Collection Set: 0.8ms
[2020-12-22T17:21:17.522-0800][gc,phases     ] GC(5)   Other: 1.5ms
[2020-12-22T17:21:17.522-0800][gc,heap       ] GC(5) Eden regions: 46->0(45)
[2020-12-22T17:21:17.522-0800][gc,heap       ] GC(5) Survivor regions: 5->6(7)
[2020-12-22T17:21:17.522-0800][gc,heap       ] GC(5) Old regions: 7->9
[2020-12-22T17:21:17.522-0800][gc,heap       ] GC(5) Humongous regions: 129->129
[2020-12-22T17:21:17.522-0800][gc,metaspace  ] GC(5) Metaspace: 44091K->44091K(1089536K)
[2020-12-22T17:21:17.522-0800][gc            ] GC(5) Pause Young (Normal) (G1 Evacuation Pause) 185M->142M(1024M) 12.627ms
[2020-12-22T17:21:17.522-0800][gc,cpu        ] GC(5) User=0.07s Sys=0.01s Real=0.01s
[2020-12-22T17:32:52.744-0800][gc,heap,exit  ] Heap
[2020-12-22T17:32:52.744-0800][gc,heap,exit  ]  garbage-first heap   total 1048576K, used 177895K [0x00000007c0000000, 0x0000000800000000)
[2020-12-22T17:32:52.744-0800][gc,heap,exit  ]   region size 1024K, 38 young (38912K), 6 survivors (6144K)
[2020-12-22T17:32:52.744-0800][gc,heap,exit  ]  Metaspace       used 45837K, capacity 47669K, committed 47792K, reserved 1091584K
[2020-12-22T17:32:52.744-0800][gc,heap,exit  ]   class space    used 5263K, capacity 6125K, committed 6144K, reserved 1048576K
