[2020-12-20T02:20:20.048-0800][gc,heap] Heap region size: 1M
[2020-12-20T02:20:20.058-0800][gc     ] Using G1
[2020-12-20T02:20:20.058-0800][gc,heap,coops] Heap address: 0x00000007c0000000, size: 1024 MB, Compressed Oops mode: Zero based, Oop shift amount: 3
[2020-12-20T02:20:20.958-0800][gc,start     ] GC(0) Pause Young (Concurrent Start) (Metadata GC Threshold)
[2020-12-20T02:20:20.958-0800][gc,task      ] GC(0) Using 8 workers of 8 for evacuation
[2020-12-20T02:20:20.965-0800][gc,phases    ] GC(0)   Pre Evacuate Collection Set: 0.0ms
[2020-12-20T02:20:20.966-0800][gc,phases    ] GC(0)   Evacuate Collection Set: 6.1ms
[2020-12-20T02:20:20.966-0800][gc,phases    ] GC(0)   Post Evacuate Collection Set: 0.6ms
[2020-12-20T02:20:20.966-0800][gc,phases    ] GC(0)   Other: 0.7ms
[2020-12-20T02:20:20.966-0800][gc,heap      ] GC(0) Eden regions: 41->0(44)
[2020-12-20T02:20:20.966-0800][gc,heap      ] GC(0) Survivor regions: 0->7(7)
[2020-12-20T02:20:20.966-0800][gc,heap      ] GC(0) Old regions: 0->0
[2020-12-20T02:20:20.966-0800][gc,heap      ] GC(0) Humongous regions: 0->0
[2020-12-20T02:20:20.966-0800][gc,metaspace ] GC(0) Metaspace: 20712K->20712K(1069056K)
[2020-12-20T02:20:20.966-0800][gc           ] GC(0) Pause Young (Concurrent Start) (Metadata GC Threshold) 41M->6M(1024M) 7.733ms
[2020-12-20T02:20:20.966-0800][gc,cpu       ] GC(0) User=0.03s Sys=0.01s Real=0.01s
[2020-12-20T02:20:20.966-0800][gc           ] GC(1) Concurrent Cycle
[2020-12-20T02:20:20.966-0800][gc,marking   ] GC(1) Concurrent Clear Claimed Marks
[2020-12-20T02:20:20.966-0800][gc,marking   ] GC(1) Concurrent Clear Claimed Marks 0.042ms
[2020-12-20T02:20:20.966-0800][gc,marking   ] GC(1) Concurrent Scan Root Regions
[2020-12-20T02:20:20.968-0800][gc,marking   ] GC(1) Concurrent Scan Root Regions 2.508ms
[2020-12-20T02:20:20.968-0800][gc,marking   ] GC(1) Concurrent Mark (0.927s)
[2020-12-20T02:20:20.969-0800][gc,marking   ] GC(1) Concurrent Mark From Roots
[2020-12-20T02:20:20.969-0800][gc,task      ] GC(1) Using 2 workers of 2 for marking
[2020-12-20T02:20:20.969-0800][gc,marking   ] GC(1) Concurrent Mark From Roots 0.178ms
[2020-12-20T02:20:20.969-0800][gc,marking   ] GC(1) Concurrent Preclean
[2020-12-20T02:20:20.969-0800][gc,marking   ] GC(1) Concurrent Preclean 0.030ms
[2020-12-20T02:20:20.969-0800][gc,marking   ] GC(1) Concurrent Mark (0.927s, 0.927s) 0.285ms
[2020-12-20T02:20:20.969-0800][gc,start     ] GC(1) Pause Remark
[2020-12-20T02:20:20.971-0800][gc,stringtable] GC(1) Cleaned string and symbol table, strings: 7419 processed, 0 removed, symbols: 64083 processed, 39 removed
[2020-12-20T02:20:20.971-0800][gc            ] GC(1) Pause Remark 6M->6M(1024M) 2.336ms
[2020-12-20T02:20:20.971-0800][gc,cpu        ] GC(1) User=0.01s Sys=0.00s Real=0.01s
[2020-12-20T02:20:20.971-0800][gc,marking    ] GC(1) Concurrent Rebuild Remembered Sets
[2020-12-20T02:20:20.972-0800][gc,marking    ] GC(1) Concurrent Rebuild Remembered Sets 0.128ms
[2020-12-20T02:20:20.972-0800][gc,start      ] GC(1) Pause Cleanup
[2020-12-20T02:20:20.972-0800][gc            ] GC(1) Pause Cleanup 6M->6M(1024M) 0.142ms
[2020-12-20T02:20:20.972-0800][gc,cpu        ] GC(1) User=0.00s Sys=0.00s Real=0.00s
[2020-12-20T02:20:20.972-0800][gc,marking    ] GC(1) Concurrent Cleanup for Next Mark
[2020-12-20T02:20:20.979-0800][gc,marking    ] GC(1) Concurrent Cleanup for Next Mark 6.825ms
[2020-12-20T02:20:20.979-0800][gc            ] GC(1) Concurrent Cycle 13.180ms
[2020-12-20T02:20:22.082-0800][gc,start      ] GC(2) Pause Young (Normal) (G1 Evacuation Pause)
[2020-12-20T02:20:22.082-0800][gc,task       ] GC(2) Using 8 workers of 8 for evacuation
[2020-12-20T02:20:22.091-0800][gc,phases     ] GC(2)   Pre Evacuate Collection Set: 0.0ms
[2020-12-20T02:20:22.091-0800][gc,phases     ] GC(2)   Evacuate Collection Set: 8.3ms
[2020-12-20T02:20:22.091-0800][gc,phases     ] GC(2)   Post Evacuate Collection Set: 0.6ms
[2020-12-20T02:20:22.091-0800][gc,phases     ] GC(2)   Other: 0.2ms
[2020-12-20T02:20:22.091-0800][gc,heap       ] GC(2) Eden regions: 44->0(48)
[2020-12-20T02:20:22.091-0800][gc,heap       ] GC(2) Survivor regions: 7->3(7)
[2020-12-20T02:20:22.091-0800][gc,heap       ] GC(2) Old regions: 0->7
[2020-12-20T02:20:22.091-0800][gc,heap       ] GC(2) Humongous regions: 0->0
[2020-12-20T02:20:22.092-0800][gc,metaspace  ] GC(2) Metaspace: 29378K->29378K(1075200K)
[2020-12-20T02:20:22.092-0800][gc            ] GC(2) Pause Young (Normal) (G1 Evacuation Pause) 50M->8M(1024M) 9.256ms
[2020-12-20T02:20:22.092-0800][gc,cpu        ] GC(2) User=0.04s Sys=0.01s Real=0.01s
[2020-12-20T02:20:22.477-0800][gc,start      ] GC(3) Pause Young (Concurrent Start) (Metadata GC Threshold)
[2020-12-20T02:20:22.477-0800][gc,task       ] GC(3) Using 8 workers of 8 for evacuation
[2020-12-20T02:20:22.481-0800][gc,phases     ] GC(3)   Pre Evacuate Collection Set: 0.1ms
[2020-12-20T02:20:22.481-0800][gc,phases     ] GC(3)   Evacuate Collection Set: 3.3ms
[2020-12-20T02:20:22.481-0800][gc,phases     ] GC(3)   Post Evacuate Collection Set: 0.3ms
[2020-12-20T02:20:22.481-0800][gc,phases     ] GC(3)   Other: 0.2ms
[2020-12-20T02:20:22.481-0800][gc,heap       ] GC(3) Eden regions: 30->0(47)
[2020-12-20T02:20:22.481-0800][gc,heap       ] GC(3) Survivor regions: 3->4(7)
[2020-12-20T02:20:22.481-0800][gc,heap       ] GC(3) Old regions: 7->7
[2020-12-20T02:20:22.481-0800][gc,heap       ] GC(3) Humongous regions: 129->129
[2020-12-20T02:20:22.481-0800][gc,metaspace  ] GC(3) Metaspace: 34931K->34931K(1081344K)
[2020-12-20T02:20:22.481-0800][gc            ] GC(3) Pause Young (Concurrent Start) (Metadata GC Threshold) 167M->139M(1024M) 3.930ms
[2020-12-20T02:20:22.481-0800][gc,cpu        ] GC(3) User=0.03s Sys=0.00s Real=0.01s
[2020-12-20T02:20:22.481-0800][gc            ] GC(4) Concurrent Cycle
[2020-12-20T02:20:22.481-0800][gc,marking    ] GC(4) Concurrent Clear Claimed Marks
[2020-12-20T02:20:22.481-0800][gc,marking    ] GC(4) Concurrent Clear Claimed Marks 0.082ms
[2020-12-20T02:20:22.481-0800][gc,marking    ] GC(4) Concurrent Scan Root Regions
[2020-12-20T02:20:22.482-0800][gc,marking    ] GC(4) Concurrent Scan Root Regions 1.500ms
[2020-12-20T02:20:22.482-0800][gc,marking    ] GC(4) Concurrent Mark (2.441s)
[2020-12-20T02:20:22.482-0800][gc,marking    ] GC(4) Concurrent Mark From Roots
[2020-12-20T02:20:22.483-0800][gc,task       ] GC(4) Using 2 workers of 2 for marking
[2020-12-20T02:20:22.487-0800][gc,marking    ] GC(4) Concurrent Mark From Roots 4.216ms
[2020-12-20T02:20:22.487-0800][gc,marking    ] GC(4) Concurrent Preclean
[2020-12-20T02:20:22.487-0800][gc,marking    ] GC(4) Concurrent Preclean 0.059ms
[2020-12-20T02:20:22.487-0800][gc,marking    ] GC(4) Concurrent Mark (2.441s, 2.445s) 4.365ms
[2020-12-20T02:20:22.487-0800][gc,start      ] GC(4) Pause Remark
[2020-12-20T02:20:22.489-0800][gc,stringtable] GC(4) Cleaned string and symbol table, strings: 11539 processed, 6 removed, symbols: 95730 processed, 17 removed
[2020-12-20T02:20:22.490-0800][gc            ] GC(4) Pause Remark 139M->139M(1024M) 2.640ms
[2020-12-20T02:20:22.490-0800][gc,cpu        ] GC(4) User=0.01s Sys=0.00s Real=0.01s
[2020-12-20T02:20:22.490-0800][gc,marking    ] GC(4) Concurrent Rebuild Remembered Sets
[2020-12-20T02:20:22.492-0800][gc,marking    ] GC(4) Concurrent Rebuild Remembered Sets 2.291ms
[2020-12-20T02:20:22.492-0800][gc,start      ] GC(4) Pause Cleanup
[2020-12-20T02:20:22.492-0800][gc            ] GC(4) Pause Cleanup 139M->139M(1024M) 0.157ms
[2020-12-20T02:20:22.492-0800][gc,cpu        ] GC(4) User=0.00s Sys=0.00s Real=0.00s
[2020-12-20T02:20:22.492-0800][gc,marking    ] GC(4) Concurrent Cleanup for Next Mark
[2020-12-20T02:20:22.497-0800][gc,marking    ] GC(4) Concurrent Cleanup for Next Mark 4.748ms
[2020-12-20T02:20:22.497-0800][gc            ] GC(4) Concurrent Cycle 16.496ms
[2020-12-20T02:20:33.233-0800][gc,start      ] GC(5) Pause Young (Normal) (G1 Evacuation Pause)
[2020-12-20T02:20:33.233-0800][gc,task       ] GC(5) Using 8 workers of 8 for evacuation
[2020-12-20T02:20:33.239-0800][gc,phases     ] GC(5)   Pre Evacuate Collection Set: 0.0ms
[2020-12-20T02:20:33.239-0800][gc,phases     ] GC(5)   Evacuate Collection Set: 5.3ms
[2020-12-20T02:20:33.239-0800][gc,phases     ] GC(5)   Post Evacuate Collection Set: 0.5ms
[2020-12-20T02:20:33.239-0800][gc,phases     ] GC(5)   Other: 0.3ms
[2020-12-20T02:20:33.239-0800][gc,heap       ] GC(5) Eden regions: 47->0(45)
[2020-12-20T02:20:33.239-0800][gc,heap       ] GC(5) Survivor regions: 4->6(7)
[2020-12-20T02:20:33.239-0800][gc,heap       ] GC(5) Old regions: 7->8
[2020-12-20T02:20:33.239-0800][gc,heap       ] GC(5) Humongous regions: 153->129
[2020-12-20T02:20:33.239-0800][gc,metaspace  ] GC(5) Metaspace: 43618K->43618K(1089536K)
[2020-12-20T02:20:33.239-0800][gc            ] GC(5) Pause Young (Normal) (G1 Evacuation Pause) 210M->142M(1024M) 6.271ms
[2020-12-20T02:20:33.239-0800][gc,cpu        ] GC(5) User=0.03s Sys=0.01s Real=0.00s
[2020-12-20T02:27:56.952-0800][gc,start      ] GC(6) Pause Young (Normal) (G1 Evacuation Pause)
[2020-12-20T02:27:56.953-0800][gc,task       ] GC(6) Using 8 workers of 8 for evacuation
[2020-12-20T02:27:56.961-0800][gc,phases     ] GC(6)   Pre Evacuate Collection Set: 0.0ms
[2020-12-20T02:27:56.961-0800][gc,phases     ] GC(6)   Evacuate Collection Set: 7.4ms
[2020-12-20T02:27:56.961-0800][gc,phases     ] GC(6)   Post Evacuate Collection Set: 0.5ms
[2020-12-20T02:27:56.961-0800][gc,phases     ] GC(6)   Other: 1.4ms
[2020-12-20T02:27:56.961-0800][gc,heap       ] GC(6) Eden regions: 45->0(45)
[2020-12-20T02:27:56.961-0800][gc,heap       ] GC(6) Survivor regions: 6->6(7)
[2020-12-20T02:27:56.961-0800][gc,heap       ] GC(6) Old regions: 8->11
[2020-12-20T02:27:56.961-0800][gc,heap       ] GC(6) Humongous regions: 129->129
[2020-12-20T02:27:56.961-0800][gc,metaspace  ] GC(6) Metaspace: 47199K->47199K(1091584K)
[2020-12-20T02:27:56.961-0800][gc            ] GC(6) Pause Young (Normal) (G1 Evacuation Pause) 187M->145M(1024M) 9.530ms
[2020-12-20T02:27:56.961-0800][gc,cpu        ] GC(6) User=0.04s Sys=0.00s Real=0.01s
[2020-12-20T02:36:33.651-0800][gc,start      ] GC(7) Pause Young (Normal) (G1 Evacuation Pause)
[2020-12-20T02:36:33.651-0800][gc,task       ] GC(7) Using 8 workers of 8 for evacuation
[2020-12-20T02:36:33.657-0800][gc,phases     ] GC(7)   Pre Evacuate Collection Set: 0.0ms
[2020-12-20T02:36:33.657-0800][gc,phases     ] GC(7)   Evacuate Collection Set: 5.5ms
[2020-12-20T02:36:33.657-0800][gc,phases     ] GC(7)   Post Evacuate Collection Set: 0.6ms
[2020-12-20T02:36:33.657-0800][gc,phases     ] GC(7)   Other: 0.3ms
[2020-12-20T02:36:33.657-0800][gc,heap       ] GC(7) Eden regions: 45->0(48)
[2020-12-20T02:36:33.657-0800][gc,heap       ] GC(7) Survivor regions: 6->3(7)
[2020-12-20T02:36:33.657-0800][gc,heap       ] GC(7) Old regions: 11->14
[2020-12-20T02:36:33.657-0800][gc,heap       ] GC(7) Humongous regions: 129->129
[2020-12-20T02:36:33.657-0800][gc,metaspace  ] GC(7) Metaspace: 47404K->47404K(1091584K)
[2020-12-20T02:36:33.657-0800][gc            ] GC(7) Pause Young (Normal) (G1 Evacuation Pause) 190M->145M(1024M) 6.753ms
[2020-12-20T02:36:33.657-0800][gc,cpu        ] GC(7) User=0.03s Sys=0.01s Real=0.00s
[2020-12-20T02:46:22.930-0800][gc,start      ] GC(8) Pause Young (Normal) (G1 Evacuation Pause)
[2020-12-20T02:46:22.930-0800][gc,task       ] GC(8) Using 8 workers of 8 for evacuation
[2020-12-20T02:46:22.937-0800][gc,phases     ] GC(8)   Pre Evacuate Collection Set: 0.0ms
[2020-12-20T02:46:22.937-0800][gc,phases     ] GC(8)   Evacuate Collection Set: 5.4ms
[2020-12-20T02:46:22.937-0800][gc,phases     ] GC(8)   Post Evacuate Collection Set: 0.8ms
[2020-12-20T02:46:22.937-0800][gc,phases     ] GC(8)   Other: 0.6ms
[2020-12-20T02:46:22.937-0800][gc,heap       ] GC(8) Eden regions: 48->0(47)
[2020-12-20T02:46:22.937-0800][gc,heap       ] GC(8) Survivor regions: 3->4(7)
[2020-12-20T02:46:22.937-0800][gc,heap       ] GC(8) Old regions: 14->14
[2020-12-20T02:46:22.937-0800][gc,heap       ] GC(8) Humongous regions: 129->129
[2020-12-20T02:46:22.937-0800][gc,metaspace  ] GC(8) Metaspace: 47453K->47453K(1091584K)
[2020-12-20T02:46:22.937-0800][gc            ] GC(8) Pause Young (Normal) (G1 Evacuation Pause) 193M->146M(1024M) 7.176ms
[2020-12-20T02:46:22.937-0800][gc,cpu        ] GC(8) User=0.05s Sys=0.00s Real=0.00s
[2020-12-20T11:48:06.715-0800][gc,start      ] GC(9) Pause Young (Normal) (G1 Evacuation Pause)
[2020-12-20T11:48:06.717-0800][gc,task       ] GC(9) Using 8 workers of 8 for evacuation
[2020-12-20T11:48:06.768-0800][gc,mmu        ] GC(9) MMU target violated: 21.0ms (20.0ms/21.0ms)
[2020-12-20T11:48:06.768-0800][gc,phases     ] GC(9)   Pre Evacuate Collection Set: 2.1ms
[2020-12-20T11:48:06.768-0800][gc,phases     ] GC(9)   Evacuate Collection Set: 43.3ms
[2020-12-20T11:48:06.768-0800][gc,phases     ] GC(9)   Post Evacuate Collection Set: 1.9ms
[2020-12-20T11:48:06.768-0800][gc,phases     ] GC(9)   Other: 8.0ms
[2020-12-20T11:48:06.768-0800][gc,heap       ] GC(9) Eden regions: 47->0(46)
[2020-12-20T11:48:06.768-0800][gc,heap       ] GC(9) Survivor regions: 4->5(7)
[2020-12-20T11:48:06.768-0800][gc,heap       ] GC(9) Old regions: 14->14
[2020-12-20T11:48:06.768-0800][gc,heap       ] GC(9) Humongous regions: 129->129
[2020-12-20T11:48:06.768-0800][gc,metaspace  ] GC(9) Metaspace: 47990K->47990K(1093632K)
[2020-12-20T11:48:06.769-0800][gc            ] GC(9) Pause Young (Normal) (G1 Evacuation Pause) 193M->146M(1024M) 53.556ms
[2020-12-20T11:48:06.769-0800][gc,cpu        ] GC(9) User=0.06s Sys=0.17s Real=0.05s
[2020-12-20T12:19:08.809-0800][gc,start      ] GC(10) Pause Young (Normal) (G1 Evacuation Pause)
[2020-12-20T12:19:08.811-0800][gc,task       ] GC(10) Using 8 workers of 8 for evacuation
[2020-12-20T12:19:08.846-0800][gc,mmu        ] GC(10) MMU target violated: 21.0ms (20.0ms/21.0ms)
[2020-12-20T12:19:08.846-0800][gc,phases     ] GC(10)   Pre Evacuate Collection Set: 3.0ms
[2020-12-20T12:19:08.846-0800][gc,phases     ] GC(10)   Evacuate Collection Set: 30.4ms
[2020-12-20T12:19:08.846-0800][gc,phases     ] GC(10)   Post Evacuate Collection Set: 0.7ms
[2020-12-20T12:19:08.846-0800][gc,phases     ] GC(10)   Other: 3.1ms
[2020-12-20T12:19:08.846-0800][gc,heap       ] GC(10) Eden regions: 46->0(47)
[2020-12-20T12:19:08.846-0800][gc,heap       ] GC(10) Survivor regions: 5->4(7)
[2020-12-20T12:19:08.846-0800][gc,heap       ] GC(10) Old regions: 14->15
[2020-12-20T12:19:08.846-0800][gc,heap       ] GC(10) Humongous regions: 129->129
[2020-12-20T12:19:08.846-0800][gc,metaspace  ] GC(10) Metaspace: 48032K->48032K(1093632K)
[2020-12-20T12:19:08.846-0800][gc            ] GC(10) Pause Young (Normal) (G1 Evacuation Pause) 192M->147M(1024M) 37.226ms
[2020-12-20T12:19:08.846-0800][gc,cpu        ] GC(10) User=0.05s Sys=0.12s Real=0.04s
[2020-12-20T12:20:12.110-0800][gc,start      ] GC(11) Pause Young (Normal) (G1 Evacuation Pause)
[2020-12-20T12:20:12.110-0800][gc,task       ] GC(11) Using 8 workers of 8 for evacuation
[2020-12-20T12:20:12.117-0800][gc,phases     ] GC(11)   Pre Evacuate Collection Set: 0.1ms
[2020-12-20T12:20:12.117-0800][gc,phases     ] GC(11)   Evacuate Collection Set: 5.5ms
[2020-12-20T12:20:12.117-0800][gc,phases     ] GC(11)   Post Evacuate Collection Set: 0.6ms
[2020-12-20T12:20:12.117-0800][gc,phases     ] GC(11)   Other: 0.5ms
[2020-12-20T12:20:12.117-0800][gc,heap       ] GC(11) Eden regions: 47->0(47)
[2020-12-20T12:20:12.117-0800][gc,heap       ] GC(11) Survivor regions: 4->4(7)
[2020-12-20T12:20:12.117-0800][gc,heap       ] GC(11) Old regions: 15->15
[2020-12-20T12:20:12.117-0800][gc,heap       ] GC(11) Humongous regions: 129->129
[2020-12-20T12:20:12.117-0800][gc,metaspace  ] GC(11) Metaspace: 48041K->48041K(1093632K)
[2020-12-20T12:20:12.117-0800][gc            ] GC(11) Pause Young (Normal) (G1 Evacuation Pause) 194M->147M(1024M) 7.027ms
[2020-12-20T12:20:12.117-0800][gc,cpu        ] GC(11) User=0.04s Sys=0.01s Real=0.00s
[2020-12-20T12:21:16.121-0800][gc,start      ] GC(12) Pause Young (Normal) (G1 Evacuation Pause)
[2020-12-20T12:21:16.121-0800][gc,task       ] GC(12) Using 8 workers of 8 for evacuation
[2020-12-20T12:21:16.127-0800][gc,phases     ] GC(12)   Pre Evacuate Collection Set: 0.1ms
[2020-12-20T12:21:16.127-0800][gc,phases     ] GC(12)   Evacuate Collection Set: 4.7ms
[2020-12-20T12:21:16.127-0800][gc,phases     ] GC(12)   Post Evacuate Collection Set: 0.6ms
[2020-12-20T12:21:16.127-0800][gc,phases     ] GC(12)   Other: 0.7ms
[2020-12-20T12:21:16.127-0800][gc,heap       ] GC(12) Eden regions: 47->0(47)
[2020-12-20T12:21:16.127-0800][gc,heap       ] GC(12) Survivor regions: 4->4(7)
[2020-12-20T12:21:16.127-0800][gc,heap       ] GC(12) Old regions: 15->15
[2020-12-20T12:21:16.127-0800][gc,heap       ] GC(12) Humongous regions: 129->129
[2020-12-20T12:21:16.127-0800][gc,metaspace  ] GC(12) Metaspace: 48050K->48050K(1093632K)
[2020-12-20T12:21:16.127-0800][gc            ] GC(12) Pause Young (Normal) (G1 Evacuation Pause) 194M->147M(1024M) 6.313ms
[2020-12-20T12:21:16.128-0800][gc,cpu        ] GC(12) User=0.04s Sys=0.00s Real=0.00s
[2020-12-20T12:22:20.127-0800][gc,start      ] GC(13) Pause Young (Normal) (G1 Evacuation Pause)
[2020-12-20T12:22:20.127-0800][gc,task       ] GC(13) Using 8 workers of 8 for evacuation
[2020-12-20T12:22:20.130-0800][gc,phases     ] GC(13)   Pre Evacuate Collection Set: 0.0ms
[2020-12-20T12:22:20.131-0800][gc,phases     ] GC(13)   Evacuate Collection Set: 3.0ms
[2020-12-20T12:22:20.131-0800][gc,phases     ] GC(13)   Post Evacuate Collection Set: 0.3ms
[2020-12-20T12:22:20.131-0800][gc,phases     ] GC(13)   Other: 0.3ms
[2020-12-20T12:22:20.131-0800][gc,heap       ] GC(13) Eden regions: 47->0(62)
[2020-12-20T12:22:20.131-0800][gc,heap       ] GC(13) Survivor regions: 4->4(7)
[2020-12-20T12:22:20.131-0800][gc,heap       ] GC(13) Old regions: 15->15
[2020-12-20T12:22:20.131-0800][gc,heap       ] GC(13) Humongous regions: 129->129
[2020-12-20T12:22:20.131-0800][gc,metaspace  ] GC(13) Metaspace: 48057K->48057K(1093632K)
[2020-12-20T12:22:20.131-0800][gc            ] GC(13) Pause Young (Normal) (G1 Evacuation Pause) 194M->146M(1024M) 3.789ms
[2020-12-20T12:22:20.131-0800][gc,cpu        ] GC(13) User=0.02s Sys=0.00s Real=0.01s
[2020-12-20T12:23:45.799-0800][gc,start      ] GC(14) Pause Young (Normal) (G1 Evacuation Pause)
[2020-12-20T12:23:45.799-0800][gc,task       ] GC(14) Using 8 workers of 8 for evacuation
[2020-12-20T12:23:45.804-0800][gc,phases     ] GC(14)   Pre Evacuate Collection Set: 0.0ms
[2020-12-20T12:23:45.804-0800][gc,phases     ] GC(14)   Evacuate Collection Set: 3.5ms
[2020-12-20T12:23:45.804-0800][gc,phases     ] GC(14)   Post Evacuate Collection Set: 1.3ms
[2020-12-20T12:23:45.804-0800][gc,phases     ] GC(14)   Other: 0.2ms
[2020-12-20T12:23:45.804-0800][gc,heap       ] GC(14) Eden regions: 62->0(76)
[2020-12-20T12:23:45.804-0800][gc,heap       ] GC(14) Survivor regions: 4->4(9)
[2020-12-20T12:23:45.804-0800][gc,heap       ] GC(14) Old regions: 15->15
[2020-12-20T12:23:45.804-0800][gc,heap       ] GC(14) Humongous regions: 129->129
[2020-12-20T12:23:45.804-0800][gc,metaspace  ] GC(14) Metaspace: 48058K->48058K(1093632K)
[2020-12-20T12:23:45.804-0800][gc            ] GC(14) Pause Young (Normal) (G1 Evacuation Pause) 208M->146M(1024M) 5.295ms
[2020-12-20T12:23:45.804-0800][gc,cpu        ] GC(14) User=0.02s Sys=0.00s Real=0.01s
[2020-12-20T12:25:32.071-0800][gc,start      ] GC(15) Pause Young (Normal) (G1 Evacuation Pause)
[2020-12-20T12:25:32.071-0800][gc,task       ] GC(15) Using 8 workers of 8 for evacuation
[2020-12-20T12:25:32.079-0800][gc,phases     ] GC(15)   Pre Evacuate Collection Set: 0.0ms
[2020-12-20T12:25:32.079-0800][gc,phases     ] GC(15)   Evacuate Collection Set: 6.4ms
[2020-12-20T12:25:32.079-0800][gc,phases     ] GC(15)   Post Evacuate Collection Set: 0.9ms
[2020-12-20T12:25:32.079-0800][gc,phases     ] GC(15)   Other: 0.7ms
[2020-12-20T12:25:32.079-0800][gc,heap       ] GC(15) Eden regions: 76->0(88)
[2020-12-20T12:25:32.079-0800][gc,heap       ] GC(15) Survivor regions: 4->4(10)
[2020-12-20T12:25:32.079-0800][gc,heap       ] GC(15) Old regions: 15->15
[2020-12-20T12:25:32.079-0800][gc,heap       ] GC(15) Humongous regions: 129->129
[2020-12-20T12:25:32.079-0800][gc,metaspace  ] GC(15) Metaspace: 48059K->48059K(1093632K)
[2020-12-20T12:25:32.079-0800][gc            ] GC(15) Pause Young (Normal) (G1 Evacuation Pause) 222M->147M(1024M) 8.329ms
[2020-12-20T12:25:32.079-0800][gc,cpu        ] GC(15) User=0.04s Sys=0.01s Real=0.00s
[2020-12-20T12:27:35.096-0800][gc,start      ] GC(16) Pause Young (Normal) (G1 Evacuation Pause)
[2020-12-20T12:27:35.097-0800][gc,task       ] GC(16) Using 8 workers of 8 for evacuation
[2020-12-20T12:27:35.102-0800][gc,phases     ] GC(16)   Pre Evacuate Collection Set: 0.0ms
[2020-12-20T12:27:35.102-0800][gc,phases     ] GC(16)   Evacuate Collection Set: 4.2ms
[2020-12-20T12:27:35.102-0800][gc,phases     ] GC(16)   Post Evacuate Collection Set: 0.5ms
[2020-12-20T12:27:35.102-0800][gc,phases     ] GC(16)   Other: 0.4ms
[2020-12-20T12:27:35.102-0800][gc,heap       ] GC(16) Eden regions: 88->0(157)
[2020-12-20T12:27:35.102-0800][gc,heap       ] GC(16) Survivor regions: 4->4(12)
[2020-12-20T12:27:35.102-0800][gc,heap       ] GC(16) Old regions: 15->15
[2020-12-20T12:27:35.102-0800][gc,heap       ] GC(16) Humongous regions: 129->129
[2020-12-20T12:27:35.102-0800][gc,metaspace  ] GC(16) Metaspace: 48073K->48073K(1093632K)
[2020-12-20T12:27:35.102-0800][gc            ] GC(16) Pause Young (Normal) (G1 Evacuation Pause) 235M->146M(1024M) 5.355ms
[2020-12-20T12:27:35.102-0800][gc,cpu        ] GC(16) User=0.03s Sys=0.00s Real=0.01s
[2020-12-20T12:31:15.633-0800][gc,start      ] GC(17) Pause Young (Normal) (G1 Evacuation Pause)
[2020-12-20T12:31:15.633-0800][gc,task       ] GC(17) Using 8 workers of 8 for evacuation
[2020-12-20T12:31:15.641-0800][gc,phases     ] GC(17)   Pre Evacuate Collection Set: 0.0ms
[2020-12-20T12:31:15.641-0800][gc,phases     ] GC(17)   Evacuate Collection Set: 6.2ms
[2020-12-20T12:31:15.641-0800][gc,phases     ] GC(17)   Post Evacuate Collection Set: 1.0ms
[2020-12-20T12:31:15.641-0800][gc,phases     ] GC(17)   Other: 0.8ms
[2020-12-20T12:31:15.641-0800][gc,heap       ] GC(17) Eden regions: 157->0(201)
[2020-12-20T12:31:15.641-0800][gc,heap       ] GC(17) Survivor regions: 4->4(21)
[2020-12-20T12:31:15.641-0800][gc,heap       ] GC(17) Old regions: 15->15
[2020-12-20T12:31:15.641-0800][gc,heap       ] GC(17) Humongous regions: 129->129
[2020-12-20T12:31:15.641-0800][gc,metaspace  ] GC(17) Metaspace: 48092K->48092K(1093632K)
[2020-12-20T12:31:15.641-0800][gc            ] GC(17) Pause Young (Normal) (G1 Evacuation Pause) 303M->146M(1024M) 8.331ms
[2020-12-20T12:31:15.641-0800][gc,cpu        ] GC(17) User=0.04s Sys=0.01s Real=0.01s
[2020-12-20T12:35:57.809-0800][gc,start      ] GC(18) Pause Young (Normal) (G1 Evacuation Pause)
[2020-12-20T12:35:57.809-0800][gc,task       ] GC(18) Using 8 workers of 8 for evacuation
[2020-12-20T12:35:57.816-0800][gc,phases     ] GC(18)   Pre Evacuate Collection Set: 0.1ms
[2020-12-20T12:35:57.816-0800][gc,phases     ] GC(18)   Evacuate Collection Set: 5.4ms
[2020-12-20T12:35:57.816-0800][gc,phases     ] GC(18)   Post Evacuate Collection Set: 0.9ms
[2020-12-20T12:35:57.816-0800][gc,phases     ] GC(18)   Other: 0.8ms
[2020-12-20T12:35:57.816-0800][gc,heap       ] GC(18) Eden regions: 201->0(249)
[2020-12-20T12:35:57.816-0800][gc,heap       ] GC(18) Survivor regions: 4->4(26)
[2020-12-20T12:35:57.816-0800][gc,heap       ] GC(18) Old regions: 15->15
[2020-12-20T12:35:57.816-0800][gc,heap       ] GC(18) Humongous regions: 129->129
[2020-12-20T12:35:57.816-0800][gc,metaspace  ] GC(18) Metaspace: 48095K->48095K(1093632K)
[2020-12-20T12:35:57.816-0800][gc            ] GC(18) Pause Young (Normal) (G1 Evacuation Pause) 347M->146M(1024M) 7.561ms
[2020-12-20T12:35:57.816-0800][gc,cpu        ] GC(18) User=0.03s Sys=0.01s Real=0.01s
[2020-12-20T12:41:50.615-0800][gc,start      ] GC(19) Pause Young (Normal) (G1 Evacuation Pause)
[2020-12-20T12:41:50.615-0800][gc,task       ] GC(19) Using 8 workers of 8 for evacuation
[2020-12-20T12:41:50.620-0800][gc,phases     ] GC(19)   Pre Evacuate Collection Set: 0.0ms
[2020-12-20T12:41:50.620-0800][gc,phases     ] GC(19)   Evacuate Collection Set: 3.9ms
[2020-12-20T12:41:50.620-0800][gc,phases     ] GC(19)   Post Evacuate Collection Set: 0.6ms
[2020-12-20T12:41:50.620-0800][gc,phases     ] GC(19)   Other: 0.4ms
[2020-12-20T12:41:50.620-0800][gc,heap       ] GC(19) Eden regions: 249->0(325)
[2020-12-20T12:41:50.620-0800][gc,heap       ] GC(19) Survivor regions: 4->4(32)
[2020-12-20T12:41:50.620-0800][gc,heap       ] GC(19) Old regions: 15->15
[2020-12-20T12:41:50.620-0800][gc,heap       ] GC(19) Humongous regions: 129->129
[2020-12-20T12:41:50.620-0800][gc,metaspace  ] GC(19) Metaspace: 48120K->48120K(1093632K)
[2020-12-20T12:41:50.620-0800][gc            ] GC(19) Pause Young (Normal) (G1 Evacuation Pause) 395M->146M(1024M) 5.176ms
[2020-12-20T12:41:50.620-0800][gc,cpu        ] GC(19) User=0.03s Sys=0.01s Real=0.01s
[2020-12-20T12:49:28.106-0800][gc,start      ] GC(20) Pause Young (Normal) (G1 Evacuation Pause)
[2020-12-20T12:49:28.106-0800][gc,task       ] GC(20) Using 8 workers of 8 for evacuation
[2020-12-20T12:49:28.116-0800][gc,phases     ] GC(20)   Pre Evacuate Collection Set: 0.0ms
[2020-12-20T12:49:28.116-0800][gc,phases     ] GC(20)   Evacuate Collection Set: 6.5ms
[2020-12-20T12:49:28.116-0800][gc,phases     ] GC(20)   Post Evacuate Collection Set: 2.5ms
[2020-12-20T12:49:28.116-0800][gc,phases     ] GC(20)   Other: 0.5ms
[2020-12-20T12:49:28.116-0800][gc,heap       ] GC(20) Eden regions: 325->0(382)
[2020-12-20T12:49:28.116-0800][gc,heap       ] GC(20) Survivor regions: 4->4(42)
[2020-12-20T12:49:28.116-0800][gc,heap       ] GC(20) Old regions: 15->15
[2020-12-20T12:49:28.116-0800][gc,heap       ] GC(20) Humongous regions: 129->129
[2020-12-20T12:49:28.116-0800][gc,metaspace  ] GC(20) Metaspace: 48156K->48156K(1093632K)
[2020-12-20T12:49:28.116-0800][gc            ] GC(20) Pause Young (Normal) (G1 Evacuation Pause) 471M->146M(1024M) 9.862ms
[2020-12-20T12:49:28.116-0800][gc,cpu        ] GC(20) User=0.05s Sys=0.01s Real=0.01s
[2020-12-20T12:58:23.791-0800][gc,start      ] GC(21) Pause Young (Normal) (G1 Evacuation Pause)
[2020-12-20T12:58:23.791-0800][gc,task       ] GC(21) Using 8 workers of 8 for evacuation
[2020-12-20T12:58:23.799-0800][gc,phases     ] GC(21)   Pre Evacuate Collection Set: 0.0ms
[2020-12-20T12:58:23.799-0800][gc,phases     ] GC(21)   Evacuate Collection Set: 6.5ms
[2020-12-20T12:58:23.799-0800][gc,phases     ] GC(21)   Post Evacuate Collection Set: 0.9ms
[2020-12-20T12:58:23.799-0800][gc,phases     ] GC(21)   Other: 0.7ms
[2020-12-20T12:58:23.799-0800][gc,heap       ] GC(21) Eden regions: 382->0(419)
[2020-12-20T12:58:23.799-0800][gc,heap       ] GC(21) Survivor regions: 4->4(49)
[2020-12-20T12:58:23.799-0800][gc,heap       ] GC(21) Old regions: 15->15
[2020-12-20T12:58:23.799-0800][gc,heap       ] GC(21) Humongous regions: 129->129
[2020-12-20T12:58:23.799-0800][gc,metaspace  ] GC(21) Metaspace: 48175K->48175K(1093632K)
[2020-12-20T12:58:23.799-0800][gc            ] GC(21) Pause Young (Normal) (G1 Evacuation Pause) 528M->146M(1024M) 8.520ms
[2020-12-20T12:58:23.799-0800][gc,cpu        ] GC(21) User=0.04s Sys=0.01s Real=0.00s
[2020-12-20T13:08:11.056-0800][gc,start      ] GC(22) Pause Young (Normal) (G1 Evacuation Pause)
[2020-12-20T13:08:11.056-0800][gc,task       ] GC(22) Using 8 workers of 8 for evacuation
[2020-12-20T13:08:11.061-0800][gc,phases     ] GC(22)   Pre Evacuate Collection Set: 0.0ms
[2020-12-20T13:08:11.061-0800][gc,phases     ] GC(22)   Evacuate Collection Set: 2.8ms
[2020-12-20T13:08:11.061-0800][gc,phases     ] GC(22)   Post Evacuate Collection Set: 1.3ms
[2020-12-20T13:08:11.061-0800][gc,phases     ] GC(22)   Other: 0.7ms
[2020-12-20T13:08:11.061-0800][gc,heap       ] GC(22) Eden regions: 419->0(476)
[2020-12-20T13:08:11.061-0800][gc,heap       ] GC(22) Survivor regions: 4->4(53)
[2020-12-20T13:08:11.061-0800][gc,heap       ] GC(22) Old regions: 15->15
[2020-12-20T13:08:11.061-0800][gc,heap       ] GC(22) Humongous regions: 129->129
[2020-12-20T13:08:11.061-0800][gc,metaspace  ] GC(22) Metaspace: 48187K->48187K(1093632K)
[2020-12-20T13:08:11.061-0800][gc            ] GC(22) Pause Young (Normal) (G1 Evacuation Pause) 565M->146M(1024M) 5.153ms
[2020-12-20T13:08:11.061-0800][gc,cpu        ] GC(22) User=0.02s Sys=0.00s Real=0.01s
[2020-12-20T13:19:17.279-0800][gc,start      ] GC(23) Pause Young (Normal) (G1 Evacuation Pause)
[2020-12-20T13:19:17.280-0800][gc,task       ] GC(23) Using 8 workers of 8 for evacuation
[2020-12-20T13:19:17.287-0800][gc,phases     ] GC(23)   Pre Evacuate Collection Set: 0.0ms
[2020-12-20T13:19:17.288-0800][gc,phases     ] GC(23)   Evacuate Collection Set: 5.3ms
[2020-12-20T13:19:17.288-0800][gc,phases     ] GC(23)   Post Evacuate Collection Set: 1.7ms
[2020-12-20T13:19:17.288-0800][gc,phases     ] GC(23)   Other: 1.3ms
[2020-12-20T13:19:17.288-0800][gc,heap       ] GC(23) Eden regions: 476->0(612)
[2020-12-20T13:19:17.288-0800][gc,heap       ] GC(23) Survivor regions: 4->2(60)
[2020-12-20T13:19:17.288-0800][gc,heap       ] GC(23) Old regions: 15->17
[2020-12-20T13:19:17.288-0800][gc,heap       ] GC(23) Humongous regions: 129->129
[2020-12-20T13:19:17.288-0800][gc,metaspace  ] GC(23) Metaspace: 48196K->48196K(1093632K)
[2020-12-20T13:19:17.288-0800][gc            ] GC(23) Pause Young (Normal) (G1 Evacuation Pause) 622M->147M(1024M) 8.548ms
[2020-12-20T13:19:17.288-0800][gc,cpu        ] GC(23) User=0.04s Sys=0.00s Real=0.01s
[2020-12-20T23:45:38.636-0800][gc,start      ] GC(24) Pause Young (Normal) (G1 Evacuation Pause)
[2020-12-20T23:45:38.637-0800][gc,task       ] GC(24) Using 8 workers of 8 for evacuation
[2020-12-20T23:45:38.654-0800][gc,phases     ] GC(24)   Pre Evacuate Collection Set: 1.1ms
[2020-12-20T23:45:38.654-0800][gc,phases     ] GC(24)   Evacuate Collection Set: 12.0ms
[2020-12-20T23:45:38.654-0800][gc,phases     ] GC(24)   Post Evacuate Collection Set: 2.3ms
[2020-12-20T23:45:38.654-0800][gc,phases     ] GC(24)   Other: 2.6ms
[2020-12-20T23:45:38.654-0800][gc,heap       ] GC(24) Eden regions: 612->0(613)
[2020-12-20T23:45:38.654-0800][gc,heap       ] GC(24) Survivor regions: 2->1(77)
[2020-12-20T23:45:38.654-0800][gc,heap       ] GC(24) Old regions: 17->18
[2020-12-20T23:45:38.654-0800][gc,heap       ] GC(24) Humongous regions: 129->129
[2020-12-20T23:45:38.654-0800][gc,metaspace  ] GC(24) Metaspace: 48394K->48394K(1093632K)
[2020-12-20T23:45:38.654-0800][gc            ] GC(24) Pause Young (Normal) (G1 Evacuation Pause) 759M->147M(1024M) 18.333ms
[2020-12-20T23:45:38.654-0800][gc,cpu        ] GC(24) User=0.03s Sys=0.05s Real=0.02s
[2020-12-21T14:51:33.539-0800][gc,start      ] GC(25) Pause Young (Normal) (G1 Evacuation Pause)
[2020-12-21T14:51:33.541-0800][gc,task       ] GC(25) Using 8 workers of 8 for evacuation
[2020-12-21T14:51:33.556-0800][gc,phases     ] GC(25)   Pre Evacuate Collection Set: 1.4ms
[2020-12-21T14:51:33.556-0800][gc,phases     ] GC(25)   Evacuate Collection Set: 9.3ms
[2020-12-21T14:51:33.556-0800][gc,phases     ] GC(25)   Post Evacuate Collection Set: 2.8ms
[2020-12-21T14:51:33.556-0800][gc,phases     ] GC(25)   Other: 3.7ms
[2020-12-21T14:51:33.556-0800][gc,heap       ] GC(25) Eden regions: 613->0(613)
[2020-12-21T14:51:33.556-0800][gc,heap       ] GC(25) Survivor regions: 1->1(77)
[2020-12-21T14:51:33.556-0800][gc,heap       ] GC(25) Old regions: 18->18
[2020-12-21T14:51:33.556-0800][gc,heap       ] GC(25) Humongous regions: 129->129
[2020-12-21T14:51:33.556-0800][gc,metaspace  ] GC(25) Metaspace: 48490K->48490K(1093632K)
[2020-12-21T14:51:33.556-0800][gc            ] GC(25) Pause Young (Normal) (G1 Evacuation Pause) 760M->147M(1024M) 17.242ms
[2020-12-21T14:51:33.556-0800][gc,cpu        ] GC(25) User=0.02s Sys=0.05s Real=0.02s
