[2020-12-22T17:32:24.567-0800][gc,heap] Heap region size: 1M
[2020-12-22T17:32:24.576-0800][gc     ] Using G1
[2020-12-22T17:32:24.577-0800][gc,heap,coops] Heap address: 0x00000007c0000000, size: 1024 MB, Compressed Oops mode: Zero based, Oop shift amount: 3
[2020-12-22T17:32:25.460-0800][gc,start     ] GC(0) Pause Young (Concurrent Start) (Metadata GC Threshold)
[2020-12-22T17:32:25.461-0800][gc,task      ] GC(0) Using 8 workers of 8 for evacuation
[2020-12-22T17:32:25.467-0800][gc,phases    ] GC(0)   Pre Evacuate Collection Set: 0.0ms
[2020-12-22T17:32:25.467-0800][gc,phases    ] GC(0)   Evacuate Collection Set: 5.9ms
[2020-12-22T17:32:25.467-0800][gc,phases    ] GC(0)   Post Evacuate Collection Set: 0.4ms
[2020-12-22T17:32:25.467-0800][gc,phases    ] GC(0)   Other: 0.7ms
[2020-12-22T17:32:25.467-0800][gc,heap      ] GC(0) Eden regions: 41->0(44)
[2020-12-22T17:32:25.467-0800][gc,heap      ] GC(0) Survivor regions: 0->7(7)
[2020-12-22T17:32:25.467-0800][gc,heap      ] GC(0) Old regions: 0->0
[2020-12-22T17:32:25.467-0800][gc,heap      ] GC(0) Humongous regions: 0->0
[2020-12-22T17:32:25.467-0800][gc,metaspace ] GC(0) Metaspace: 20639K->20639K(1069056K)
[2020-12-22T17:32:25.467-0800][gc           ] GC(0) Pause Young (Concurrent Start) (Metadata GC Threshold) 40M->6M(1024M) 7.247ms
[2020-12-22T17:32:25.467-0800][gc,cpu       ] GC(0) User=0.02s Sys=0.00s Real=0.00s
[2020-12-22T17:32:25.467-0800][gc           ] GC(1) Concurrent Cycle
[2020-12-22T17:32:25.467-0800][gc,marking   ] GC(1) Concurrent Clear Claimed Marks
[2020-12-22T17:32:25.467-0800][gc,marking   ] GC(1) Concurrent Clear Claimed Marks 0.044ms
[2020-12-22T17:32:25.467-0800][gc,marking   ] GC(1) Concurrent Scan Root Regions
[2020-12-22T17:32:25.469-0800][gc,marking   ] GC(1) Concurrent Scan Root Regions 1.625ms
[2020-12-22T17:32:25.469-0800][gc,marking   ] GC(1) Concurrent Mark (0.914s)
[2020-12-22T17:32:25.469-0800][gc,marking   ] GC(1) Concurrent Mark From Roots
[2020-12-22T17:32:25.469-0800][gc,task      ] GC(1) Using 2 workers of 2 for marking
[2020-12-22T17:32:25.469-0800][gc,marking   ] GC(1) Concurrent Mark From Roots 0.135ms
[2020-12-22T17:32:25.469-0800][gc,marking   ] GC(1) Concurrent Preclean
[2020-12-22T17:32:25.469-0800][gc,marking   ] GC(1) Concurrent Preclean 0.029ms
[2020-12-22T17:32:25.469-0800][gc,marking   ] GC(1) Concurrent Mark (0.914s, 0.914s) 0.223ms
[2020-12-22T17:32:25.469-0800][gc,start     ] GC(1) Pause Remark
[2020-12-22T17:32:25.471-0800][gc,stringtable] GC(1) Cleaned string and symbol table, strings: 7396 processed, 0 removed, symbols: 63951 processed, 33 removed
[2020-12-22T17:32:25.471-0800][gc            ] GC(1) Pause Remark 7M->7M(1024M) 2.019ms
[2020-12-22T17:32:25.472-0800][gc,cpu        ] GC(1) User=0.01s Sys=0.01s Real=0.01s
[2020-12-22T17:32:25.472-0800][gc,marking    ] GC(1) Concurrent Rebuild Remembered Sets
[2020-12-22T17:32:25.472-0800][gc,marking    ] GC(1) Concurrent Rebuild Remembered Sets 0.065ms
[2020-12-22T17:32:25.472-0800][gc,start      ] GC(1) Pause Cleanup
[2020-12-22T17:32:25.472-0800][gc            ] GC(1) Pause Cleanup 7M->7M(1024M) 0.149ms
[2020-12-22T17:32:25.472-0800][gc,cpu        ] GC(1) User=0.00s Sys=0.00s Real=0.00s
[2020-12-22T17:32:25.472-0800][gc,marking    ] GC(1) Concurrent Cleanup for Next Mark
[2020-12-22T17:32:25.477-0800][gc,marking    ] GC(1) Concurrent Cleanup for Next Mark 5.226ms
[2020-12-22T17:32:25.477-0800][gc            ] GC(1) Concurrent Cycle 9.889ms
[2020-12-22T17:32:29.192-0800][gc,heap,exit  ] Heap
[2020-12-22T17:32:29.192-0800][gc,heap,exit  ]  garbage-first heap   total 1048576K, used 38503K [0x00000007c0000000, 0x0000000800000000)
[2020-12-22T17:32:29.192-0800][gc,heap,exit  ]   region size 1024K, 39 young (39936K), 7 survivors (7168K)
[2020-12-22T17:32:29.192-0800][gc,heap,exit  ]  Metaspace       used 27608K, capacity 28153K, committed 28464K, reserved 1075200K
[2020-12-22T17:32:29.192-0800][gc,heap,exit  ]   class space    used 3156K, capacity 3360K, committed 3456K, reserved 1048576K
