[2020-12-20T01:10:04.720-0800][gc,heap] Heap region size: 1M
[2020-12-20T01:10:04.729-0800][gc     ] Using G1
[2020-12-20T01:10:04.729-0800][gc,heap,coops] Heap address: 0x00000007c0000000, size: 1024 MB, Compressed Oops mode: Zero based, Oop shift amount: 3
[2020-12-20T01:10:05.882-0800][gc,start     ] GC(0) Pause Young (Concurrent Start) (Metadata GC Threshold)
[2020-12-20T01:10:05.882-0800][gc,task      ] GC(0) Using 8 workers of 8 for evacuation
[2020-12-20T01:10:05.888-0800][gc,phases    ] GC(0)   Pre Evacuate Collection Set: 0.0ms
[2020-12-20T01:10:05.888-0800][gc,phases    ] GC(0)   Evacuate Collection Set: 5.6ms
[2020-12-20T01:10:05.889-0800][gc,phases    ] GC(0)   Post Evacuate Collection Set: 0.4ms
[2020-12-20T01:10:05.889-0800][gc,phases    ] GC(0)   Other: 0.8ms
[2020-12-20T01:10:05.889-0800][gc,heap      ] GC(0) Eden regions: 41->0(44)
[2020-12-20T01:10:05.889-0800][gc,heap      ] GC(0) Survivor regions: 0->7(7)
[2020-12-20T01:10:05.889-0800][gc,heap      ] GC(0) Old regions: 0->0
[2020-12-20T01:10:05.889-0800][gc,heap      ] GC(0) Humongous regions: 0->0
[2020-12-20T01:10:05.889-0800][gc,metaspace ] GC(0) Metaspace: 20700K->20700K(1069056K)
[2020-12-20T01:10:05.889-0800][gc           ] GC(0) Pause Young (Concurrent Start) (Metadata GC Threshold) 41M->6M(1024M) 7.003ms
[2020-12-20T01:10:05.889-0800][gc,cpu       ] GC(0) User=0.03s Sys=0.01s Real=0.00s
[2020-12-20T01:10:05.889-0800][gc           ] GC(1) Concurrent Cycle
[2020-12-20T01:10:05.889-0800][gc,marking   ] GC(1) Concurrent Clear Claimed Marks
[2020-12-20T01:10:05.889-0800][gc,marking   ] GC(1) Concurrent Clear Claimed Marks 0.054ms
[2020-12-20T01:10:05.889-0800][gc,marking   ] GC(1) Concurrent Scan Root Regions
[2020-12-20T01:10:05.890-0800][gc,marking   ] GC(1) Concurrent Scan Root Regions 1.535ms
[2020-12-20T01:10:05.890-0800][gc,marking   ] GC(1) Concurrent Mark (1.177s)
[2020-12-20T01:10:05.890-0800][gc,marking   ] GC(1) Concurrent Mark From Roots
[2020-12-20T01:10:05.891-0800][gc,task      ] GC(1) Using 2 workers of 2 for marking
[2020-12-20T01:10:05.891-0800][gc,marking   ] GC(1) Concurrent Mark From Roots 0.134ms
[2020-12-20T01:10:05.891-0800][gc,marking   ] GC(1) Concurrent Preclean
[2020-12-20T01:10:05.891-0800][gc,marking   ] GC(1) Concurrent Preclean 0.028ms
[2020-12-20T01:10:05.891-0800][gc,marking   ] GC(1) Concurrent Mark (1.177s, 1.178s) 0.221ms
[2020-12-20T01:10:05.891-0800][gc,start     ] GC(1) Pause Remark
[2020-12-20T01:10:05.892-0800][gc,stringtable] GC(1) Cleaned string and symbol table, strings: 7414 processed, 0 removed, symbols: 64040 processed, 33 removed
[2020-12-20T01:10:05.892-0800][gc            ] GC(1) Pause Remark 6M->6M(1024M) 1.436ms
[2020-12-20T01:10:05.892-0800][gc,cpu        ] GC(1) User=0.00s Sys=0.00s Real=0.00s
[2020-12-20T01:10:05.892-0800][gc,marking    ] GC(1) Concurrent Rebuild Remembered Sets
[2020-12-20T01:10:05.892-0800][gc,marking    ] GC(1) Concurrent Rebuild Remembered Sets 0.160ms
[2020-12-20T01:10:05.893-0800][gc,start      ] GC(1) Pause Cleanup
[2020-12-20T01:10:05.893-0800][gc            ] GC(1) Pause Cleanup 6M->6M(1024M) 0.168ms
[2020-12-20T01:10:05.893-0800][gc,cpu        ] GC(1) User=0.00s Sys=0.00s Real=0.00s
[2020-12-20T01:10:05.893-0800][gc,marking    ] GC(1) Concurrent Cleanup for Next Mark
[2020-12-20T01:10:05.897-0800][gc,marking    ] GC(1) Concurrent Cleanup for Next Mark 4.527ms
[2020-12-20T01:10:05.897-0800][gc            ] GC(1) Concurrent Cycle 8.762ms
[2020-12-20T01:10:06.802-0800][gc,start      ] GC(2) Pause Young (Normal) (G1 Evacuation Pause)
[2020-12-20T01:10:06.802-0800][gc,task       ] GC(2) Using 8 workers of 8 for evacuation
[2020-12-20T01:10:06.808-0800][gc,phases     ] GC(2)   Pre Evacuate Collection Set: 0.0ms
[2020-12-20T01:10:06.809-0800][gc,phases     ] GC(2)   Evacuate Collection Set: 5.9ms
[2020-12-20T01:10:06.809-0800][gc,phases     ] GC(2)   Post Evacuate Collection Set: 0.3ms
[2020-12-20T01:10:06.809-0800][gc,phases     ] GC(2)   Other: 0.2ms
[2020-12-20T01:10:06.809-0800][gc,heap       ] GC(2) Eden regions: 44->0(48)
[2020-12-20T01:10:06.809-0800][gc,heap       ] GC(2) Survivor regions: 7->3(7)
[2020-12-20T01:10:06.809-0800][gc,heap       ] GC(2) Old regions: 0->7
[2020-12-20T01:10:06.809-0800][gc,heap       ] GC(2) Humongous regions: 129->129
[2020-12-20T01:10:06.809-0800][gc,metaspace  ] GC(2) Metaspace: 30354K->30354K(1077248K)
[2020-12-20T01:10:06.809-0800][gc            ] GC(2) Pause Young (Normal) (G1 Evacuation Pause) 179M->137M(1024M) 6.608ms
[2020-12-20T01:10:06.809-0800][gc,cpu        ] GC(2) User=0.03s Sys=0.01s Real=0.00s
[2020-12-20T01:10:07.123-0800][gc,start      ] GC(3) Pause Young (Concurrent Start) (Metadata GC Threshold)
[2020-12-20T01:10:07.123-0800][gc,task       ] GC(3) Using 8 workers of 8 for evacuation
[2020-12-20T01:10:07.127-0800][gc,phases     ] GC(3)   Pre Evacuate Collection Set: 0.1ms
[2020-12-20T01:10:07.127-0800][gc,phases     ] GC(3)   Evacuate Collection Set: 3.5ms
[2020-12-20T01:10:07.128-0800][gc,phases     ] GC(3)   Post Evacuate Collection Set: 0.2ms
[2020-12-20T01:10:07.128-0800][gc,phases     ] GC(3)   Other: 0.3ms
[2020-12-20T01:10:07.128-0800][gc,heap       ] GC(3) Eden regions: 25->0(46)
[2020-12-20T01:10:07.128-0800][gc,heap       ] GC(3) Survivor regions: 3->5(7)
[2020-12-20T01:10:07.128-0800][gc,heap       ] GC(3) Old regions: 7->7
[2020-12-20T01:10:07.128-0800][gc,heap       ] GC(3) Humongous regions: 129->129
[2020-12-20T01:10:07.128-0800][gc,metaspace  ] GC(3) Metaspace: 34725K->34725K(1081344K)
[2020-12-20T01:10:07.128-0800][gc            ] GC(3) Pause Young (Concurrent Start) (Metadata GC Threshold) 162M->139M(1024M) 4.208ms
[2020-12-20T01:10:07.128-0800][gc,cpu        ] GC(3) User=0.02s Sys=0.00s Real=0.00s
[2020-12-20T01:10:07.128-0800][gc            ] GC(4) Concurrent Cycle
[2020-12-20T01:10:07.128-0800][gc,marking    ] GC(4) Concurrent Clear Claimed Marks
[2020-12-20T01:10:07.128-0800][gc,marking    ] GC(4) Concurrent Clear Claimed Marks 0.063ms
[2020-12-20T01:10:07.128-0800][gc,marking    ] GC(4) Concurrent Scan Root Regions
[2020-12-20T01:10:07.130-0800][gc,marking    ] GC(4) Concurrent Scan Root Regions 1.715ms
[2020-12-20T01:10:07.130-0800][gc,marking    ] GC(4) Concurrent Mark (2.416s)
[2020-12-20T01:10:07.130-0800][gc,marking    ] GC(4) Concurrent Mark From Roots
[2020-12-20T01:10:07.130-0800][gc,task       ] GC(4) Using 2 workers of 2 for marking
[2020-12-20T01:10:07.134-0800][gc,marking    ] GC(4) Concurrent Mark From Roots 4.243ms
[2020-12-20T01:10:07.134-0800][gc,marking    ] GC(4) Concurrent Preclean
[2020-12-20T01:10:07.134-0800][gc,marking    ] GC(4) Concurrent Preclean 0.056ms
[2020-12-20T01:10:07.134-0800][gc,marking    ] GC(4) Concurrent Mark (2.416s, 2.421s) 4.413ms
[2020-12-20T01:10:07.134-0800][gc,start      ] GC(4) Pause Remark
[2020-12-20T01:10:07.136-0800][gc,stringtable] GC(4) Cleaned string and symbol table, strings: 11529 processed, 6 removed, symbols: 96611 processed, 24 removed
[2020-12-20T01:10:07.136-0800][gc            ] GC(4) Pause Remark 140M->140M(1024M) 2.214ms
[2020-12-20T01:10:07.136-0800][gc,cpu        ] GC(4) User=0.01s Sys=0.00s Real=0.00s
[2020-12-20T01:10:07.136-0800][gc,marking    ] GC(4) Concurrent Rebuild Remembered Sets
[2020-12-20T01:10:07.139-0800][gc,marking    ] GC(4) Concurrent Rebuild Remembered Sets 2.463ms
[2020-12-20T01:10:07.139-0800][gc,start      ] GC(4) Pause Cleanup
[2020-12-20T01:10:07.139-0800][gc            ] GC(4) Pause Cleanup 140M->140M(1024M) 0.178ms
[2020-12-20T01:10:07.139-0800][gc,cpu        ] GC(4) User=0.00s Sys=0.00s Real=0.00s
[2020-12-20T01:10:07.139-0800][gc,marking    ] GC(4) Concurrent Cleanup for Next Mark
[2020-12-20T01:10:07.145-0800][gc,marking    ] GC(4) Concurrent Cleanup for Next Mark 6.052ms
[2020-12-20T01:10:07.147-0800][gc            ] GC(4) Concurrent Cycle 19.194ms
[2020-12-20T01:12:16.467-0800][gc,start      ] GC(5) Pause Young (Normal) (G1 Evacuation Pause)
[2020-12-20T01:12:16.467-0800][gc,task       ] GC(5) Using 8 workers of 8 for evacuation
[2020-12-20T01:12:16.473-0800][gc,phases     ] GC(5)   Pre Evacuate Collection Set: 0.0ms
[2020-12-20T01:12:16.473-0800][gc,phases     ] GC(5)   Evacuate Collection Set: 4.6ms
[2020-12-20T01:12:16.473-0800][gc,phases     ] GC(5)   Post Evacuate Collection Set: 0.6ms
[2020-12-20T01:12:16.473-0800][gc,phases     ] GC(5)   Other: 0.2ms
[2020-12-20T01:12:16.473-0800][gc,heap       ] GC(5) Eden regions: 46->0(46)
[2020-12-20T01:12:16.473-0800][gc,heap       ] GC(5) Survivor regions: 5->5(7)
[2020-12-20T01:12:16.473-0800][gc,heap       ] GC(5) Old regions: 7->9
[2020-12-20T01:12:16.473-0800][gc,heap       ] GC(5) Humongous regions: 129->129
[2020-12-20T01:12:16.473-0800][gc,metaspace  ] GC(5) Metaspace: 44314K->44314K(1089536K)
[2020-12-20T01:12:16.473-0800][gc            ] GC(5) Pause Young (Normal) (G1 Evacuation Pause) 185M->142M(1024M) 5.610ms
[2020-12-20T01:12:16.473-0800][gc,cpu        ] GC(5) User=0.03s Sys=0.01s Real=0.01s
[2020-12-20T01:24:49.034-0800][gc,start      ] GC(6) Pause Young (Normal) (G1 Evacuation Pause)
[2020-12-20T01:24:49.035-0800][gc,task       ] GC(6) Using 8 workers of 8 for evacuation
[2020-12-20T01:24:49.045-0800][gc,phases     ] GC(6)   Pre Evacuate Collection Set: 0.0ms
[2020-12-20T01:24:49.045-0800][gc,phases     ] GC(6)   Evacuate Collection Set: 8.9ms
[2020-12-20T01:24:49.045-0800][gc,phases     ] GC(6)   Post Evacuate Collection Set: 1.2ms
[2020-12-20T01:24:49.045-0800][gc,phases     ] GC(6)   Other: 0.6ms
[2020-12-20T01:24:49.045-0800][gc,heap       ] GC(6) Eden regions: 46->0(46)
[2020-12-20T01:24:49.045-0800][gc,heap       ] GC(6) Survivor regions: 5->5(7)
[2020-12-20T01:24:49.045-0800][gc,heap       ] GC(6) Old regions: 9->11
[2020-12-20T01:24:49.045-0800][gc,heap       ] GC(6) Humongous regions: 129->129
[2020-12-20T01:24:49.045-0800][gc,metaspace  ] GC(6) Metaspace: 46956K->46956K(1091584K)
[2020-12-20T01:24:49.045-0800][gc            ] GC(6) Pause Young (Normal) (G1 Evacuation Pause) 188M->144M(1024M) 10.892ms
[2020-12-20T01:24:49.045-0800][gc,cpu        ] GC(6) User=0.07s Sys=0.00s Real=0.01s
[2020-12-20T01:32:17.970-0800][gc,heap,exit  ] Heap
[2020-12-20T01:32:17.970-0800][gc,heap,exit  ]  garbage-first heap   total 1048576K, used 171427K [0x00000007c0000000, 0x0000000800000000)
[2020-12-20T01:32:17.970-0800][gc,heap,exit  ]   region size 1024K, 30 young (30720K), 5 survivors (5120K)
[2020-12-20T01:32:17.970-0800][gc,heap,exit  ]  Metaspace       used 47941K, capacity 50024K, committed 50096K, reserved 1093632K
[2020-12-20T01:32:17.970-0800][gc,heap,exit  ]   class space    used 5602K, capacity 6604K, committed 6656K, reserved 1048576K
