[2020-12-22T17:35:03.659-0800][gc,heap] Heap region size: 1M
[2020-12-22T17:35:03.669-0800][gc     ] Using G1
[2020-12-22T17:35:03.669-0800][gc,heap,coops] Heap address: 0x00000007c0000000, size: 1024 MB, Compressed Oops mode: Zero based, Oop shift amount: 3
[2020-12-22T17:35:04.588-0800][gc,start     ] GC(0) Pause Young (Concurrent Start) (Metadata GC Threshold)
[2020-12-22T17:35:04.589-0800][gc,task      ] GC(0) Using 8 workers of 8 for evacuation
[2020-12-22T17:35:04.594-0800][gc,phases    ] GC(0)   Pre Evacuate Collection Set: 0.0ms
[2020-12-22T17:35:04.594-0800][gc,phases    ] GC(0)   Evacuate Collection Set: 4.7ms
[2020-12-22T17:35:04.594-0800][gc,phases    ] GC(0)   Post Evacuate Collection Set: 0.4ms
[2020-12-22T17:35:04.594-0800][gc,phases    ] GC(0)   Other: 0.7ms
[2020-12-22T17:35:04.594-0800][gc,heap      ] GC(0) Eden regions: 41->0(44)
[2020-12-22T17:35:04.594-0800][gc,heap      ] GC(0) Survivor regions: 0->7(7)
[2020-12-22T17:35:04.594-0800][gc,heap      ] GC(0) Old regions: 0->0
[2020-12-22T17:35:04.594-0800][gc,heap      ] GC(0) Humongous regions: 0->0
[2020-12-22T17:35:04.594-0800][gc,metaspace ] GC(0) Metaspace: 20700K->20700K(1069056K)
[2020-12-22T17:35:04.594-0800][gc           ] GC(0) Pause Young (Concurrent Start) (Metadata GC Threshold) 41M->6M(1024M) 5.929ms
[2020-12-22T17:35:04.594-0800][gc,cpu       ] GC(0) User=0.02s Sys=0.01s Real=0.01s
[2020-12-22T17:35:04.594-0800][gc           ] GC(1) Concurrent Cycle
[2020-12-22T17:35:04.594-0800][gc,marking   ] GC(1) Concurrent Clear Claimed Marks
[2020-12-22T17:35:04.594-0800][gc,marking   ] GC(1) Concurrent Clear Claimed Marks 0.034ms
[2020-12-22T17:35:04.594-0800][gc,marking   ] GC(1) Concurrent Scan Root Regions
[2020-12-22T17:35:04.596-0800][gc,marking   ] GC(1) Concurrent Scan Root Regions 1.566ms
[2020-12-22T17:35:04.596-0800][gc,marking   ] GC(1) Concurrent Mark (0.945s)
[2020-12-22T17:35:04.596-0800][gc,marking   ] GC(1) Concurrent Mark From Roots
[2020-12-22T17:35:04.596-0800][gc,task      ] GC(1) Using 2 workers of 2 for marking
[2020-12-22T17:35:04.596-0800][gc,marking   ] GC(1) Concurrent Mark From Roots 0.161ms
[2020-12-22T17:35:04.596-0800][gc,marking   ] GC(1) Concurrent Preclean
[2020-12-22T17:35:04.596-0800][gc,marking   ] GC(1) Concurrent Preclean 0.029ms
[2020-12-22T17:35:04.596-0800][gc,marking   ] GC(1) Concurrent Mark (0.945s, 0.945s) 0.255ms
[2020-12-22T17:35:04.596-0800][gc,start     ] GC(1) Pause Remark
[2020-12-22T17:35:04.597-0800][gc,stringtable] GC(1) Cleaned string and symbol table, strings: 7414 processed, 0 removed, symbols: 64068 processed, 36 removed
[2020-12-22T17:35:04.598-0800][gc            ] GC(1) Pause Remark 6M->6M(1024M) 1.415ms
[2020-12-22T17:35:04.598-0800][gc,cpu        ] GC(1) User=0.01s Sys=0.00s Real=0.00s
[2020-12-22T17:35:04.598-0800][gc,marking    ] GC(1) Concurrent Rebuild Remembered Sets
[2020-12-22T17:35:04.598-0800][gc,marking    ] GC(1) Concurrent Rebuild Remembered Sets 0.075ms
[2020-12-22T17:35:04.598-0800][gc,start      ] GC(1) Pause Cleanup
[2020-12-22T17:35:04.598-0800][gc            ] GC(1) Pause Cleanup 6M->6M(1024M) 0.112ms
[2020-12-22T17:35:04.598-0800][gc,cpu        ] GC(1) User=0.00s Sys=0.00s Real=0.00s
[2020-12-22T17:35:04.598-0800][gc,marking    ] GC(1) Concurrent Cleanup for Next Mark
[2020-12-22T17:35:04.603-0800][gc,marking    ] GC(1) Concurrent Cleanup for Next Mark 4.793ms
[2020-12-22T17:35:04.603-0800][gc            ] GC(1) Concurrent Cycle 8.760ms
[2020-12-22T17:35:05.498-0800][gc,start      ] GC(2) Pause Young (Normal) (G1 Evacuation Pause)
[2020-12-22T17:35:05.499-0800][gc,task       ] GC(2) Using 8 workers of 8 for evacuation
[2020-12-22T17:35:05.505-0800][gc,phases     ] GC(2)   Pre Evacuate Collection Set: 0.0ms
[2020-12-22T17:35:05.505-0800][gc,phases     ] GC(2)   Evacuate Collection Set: 6.2ms
[2020-12-22T17:35:05.505-0800][gc,phases     ] GC(2)   Post Evacuate Collection Set: 0.6ms
[2020-12-22T17:35:05.505-0800][gc,phases     ] GC(2)   Other: 0.2ms
[2020-12-22T17:35:05.506-0800][gc,heap       ] GC(2) Eden regions: 44->0(48)
[2020-12-22T17:35:05.506-0800][gc,heap       ] GC(2) Survivor regions: 7->3(7)
[2020-12-22T17:35:05.506-0800][gc,heap       ] GC(2) Old regions: 0->7
[2020-12-22T17:35:05.506-0800][gc,heap       ] GC(2) Humongous regions: 129->129
[2020-12-22T17:35:05.506-0800][gc,metaspace  ] GC(2) Metaspace: 30406K->30406K(1077248K)
[2020-12-22T17:35:05.506-0800][gc            ] GC(2) Pause Young (Normal) (G1 Evacuation Pause) 179M->137M(1024M) 7.141ms
[2020-12-22T17:35:05.506-0800][gc,cpu        ] GC(2) User=0.04s Sys=0.01s Real=0.01s
[2020-12-22T17:35:05.874-0800][gc,start      ] GC(3) Pause Young (Concurrent Start) (Metadata GC Threshold)
[2020-12-22T17:35:05.874-0800][gc,task       ] GC(3) Using 8 workers of 8 for evacuation
[2020-12-22T17:35:05.878-0800][gc,phases     ] GC(3)   Pre Evacuate Collection Set: 0.1ms
[2020-12-22T17:35:05.878-0800][gc,phases     ] GC(3)   Evacuate Collection Set: 3.7ms
[2020-12-22T17:35:05.878-0800][gc,phases     ] GC(3)   Post Evacuate Collection Set: 0.2ms
[2020-12-22T17:35:05.878-0800][gc,phases     ] GC(3)   Other: 0.2ms
[2020-12-22T17:35:05.878-0800][gc,heap       ] GC(3) Eden regions: 25->0(46)
[2020-12-22T17:35:05.878-0800][gc,heap       ] GC(3) Survivor regions: 3->5(7)
[2020-12-22T17:35:05.878-0800][gc,heap       ] GC(3) Old regions: 7->7
[2020-12-22T17:35:05.878-0800][gc,heap       ] GC(3) Humongous regions: 129->129
[2020-12-22T17:35:05.878-0800][gc,metaspace  ] GC(3) Metaspace: 34725K->34725K(1081344K)
[2020-12-22T17:35:05.878-0800][gc            ] GC(3) Pause Young (Concurrent Start) (Metadata GC Threshold) 162M->139M(1024M) 4.251ms
[2020-12-22T17:35:05.878-0800][gc,cpu        ] GC(3) User=0.02s Sys=0.00s Real=0.00s
[2020-12-22T17:35:05.878-0800][gc            ] GC(4) Concurrent Cycle
[2020-12-22T17:35:05.878-0800][gc,marking    ] GC(4) Concurrent Clear Claimed Marks
[2020-12-22T17:35:05.878-0800][gc,marking    ] GC(4) Concurrent Clear Claimed Marks 0.077ms
[2020-12-22T17:35:05.878-0800][gc,marking    ] GC(4) Concurrent Scan Root Regions
[2020-12-22T17:35:05.880-0800][gc,marking    ] GC(4) Concurrent Scan Root Regions 1.731ms
[2020-12-22T17:35:05.880-0800][gc,marking    ] GC(4) Concurrent Mark (2.229s)
[2020-12-22T17:35:05.880-0800][gc,marking    ] GC(4) Concurrent Mark From Roots
[2020-12-22T17:35:05.880-0800][gc,task       ] GC(4) Using 2 workers of 2 for marking
[2020-12-22T17:35:05.884-0800][gc,marking    ] GC(4) Concurrent Mark From Roots 3.985ms
[2020-12-22T17:35:05.884-0800][gc,marking    ] GC(4) Concurrent Preclean
[2020-12-22T17:35:05.884-0800][gc,marking    ] GC(4) Concurrent Preclean 0.057ms
[2020-12-22T17:35:05.884-0800][gc,marking    ] GC(4) Concurrent Mark (2.229s, 2.233s) 4.116ms
[2020-12-22T17:35:05.884-0800][gc,start      ] GC(4) Pause Remark
[2020-12-22T17:35:05.886-0800][gc,stringtable] GC(4) Cleaned string and symbol table, strings: 11513 processed, 6 removed, symbols: 96606 processed, 24 removed
[2020-12-22T17:35:05.886-0800][gc            ] GC(4) Pause Remark 140M->140M(1024M) 1.581ms
[2020-12-22T17:35:05.886-0800][gc,cpu        ] GC(4) User=0.01s Sys=0.00s Real=0.00s
[2020-12-22T17:35:05.886-0800][gc,marking    ] GC(4) Concurrent Rebuild Remembered Sets
[2020-12-22T17:35:05.889-0800][gc,marking    ] GC(4) Concurrent Rebuild Remembered Sets 2.458ms
[2020-12-22T17:35:05.889-0800][gc,start      ] GC(4) Pause Cleanup
[2020-12-22T17:35:05.889-0800][gc            ] GC(4) Pause Cleanup 140M->140M(1024M) 0.148ms
[2020-12-22T17:35:05.889-0800][gc,cpu        ] GC(4) User=0.00s Sys=0.00s Real=0.00s
[2020-12-22T17:35:05.889-0800][gc,marking    ] GC(4) Concurrent Cleanup for Next Mark
[2020-12-22T17:35:05.894-0800][gc,marking    ] GC(4) Concurrent Cleanup for Next Mark 4.747ms
[2020-12-22T17:35:05.894-0800][gc            ] GC(4) Concurrent Cycle 15.517ms
[2020-12-22T17:39:08.751-0800][gc,start      ] GC(5) Pause Young (Normal) (G1 Evacuation Pause)
[2020-12-22T17:39:08.751-0800][gc,task       ] GC(5) Using 8 workers of 8 for evacuation
[2020-12-22T17:39:08.762-0800][gc,phases     ] GC(5)   Pre Evacuate Collection Set: 0.0ms
[2020-12-22T17:39:08.763-0800][gc,phases     ] GC(5)   Evacuate Collection Set: 10.4ms
[2020-12-22T17:39:08.763-0800][gc,phases     ] GC(5)   Post Evacuate Collection Set: 0.7ms
[2020-12-22T17:39:08.763-0800][gc,phases     ] GC(5)   Other: 0.6ms
[2020-12-22T17:39:08.763-0800][gc,heap       ] GC(5) Eden regions: 46->0(45)
[2020-12-22T17:39:08.763-0800][gc,heap       ] GC(5) Survivor regions: 5->6(7)
[2020-12-22T17:39:08.763-0800][gc,heap       ] GC(5) Old regions: 7->9
[2020-12-22T17:39:08.763-0800][gc,heap       ] GC(5) Humongous regions: 129->129
[2020-12-22T17:39:08.763-0800][gc,metaspace  ] GC(5) Metaspace: 44445K->44445K(1089536K)
[2020-12-22T17:39:08.763-0800][gc            ] GC(5) Pause Young (Normal) (G1 Evacuation Pause) 185M->142M(1024M) 12.030ms
[2020-12-22T17:39:08.763-0800][gc,cpu        ] GC(5) User=0.07s Sys=0.01s Real=0.01s
[2020-12-22T17:57:26.306-0800][gc,start      ] GC(6) Pause Young (Normal) (G1 Evacuation Pause)
[2020-12-22T17:57:26.307-0800][gc,task       ] GC(6) Using 8 workers of 8 for evacuation
[2020-12-22T17:57:26.312-0800][gc,phases     ] GC(6)   Pre Evacuate Collection Set: 0.0ms
[2020-12-22T17:57:26.312-0800][gc,phases     ] GC(6)   Evacuate Collection Set: 3.6ms
[2020-12-22T17:57:26.312-0800][gc,phases     ] GC(6)   Post Evacuate Collection Set: 0.4ms
[2020-12-22T17:57:26.312-0800][gc,phases     ] GC(6)   Other: 1.3ms
[2020-12-22T17:57:26.312-0800][gc,heap       ] GC(6) Eden regions: 45->0(46)
[2020-12-22T17:57:26.312-0800][gc,heap       ] GC(6) Survivor regions: 6->5(7)
[2020-12-22T17:57:26.312-0800][gc,heap       ] GC(6) Old regions: 9->11
[2020-12-22T17:57:26.312-0800][gc,heap       ] GC(6) Humongous regions: 129->129
[2020-12-22T17:57:26.312-0800][gc,metaspace  ] GC(6) Metaspace: 44970K->44970K(1089536K)
[2020-12-22T17:57:26.312-0800][gc            ] GC(6) Pause Young (Normal) (G1 Evacuation Pause) 187M->143M(1024M) 5.457ms
[2020-12-22T17:57:26.312-0800][gc,cpu        ] GC(6) User=0.02s Sys=0.00s Real=0.01s
[2020-12-22T18:16:35.191-0800][gc,start      ] GC(7) Pause Young (Normal) (G1 Evacuation Pause)
[2020-12-22T18:16:35.192-0800][gc,task       ] GC(7) Using 8 workers of 8 for evacuation
[2020-12-22T18:16:35.202-0800][gc,phases     ] GC(7)   Pre Evacuate Collection Set: 0.0ms
[2020-12-22T18:16:35.202-0800][gc,phases     ] GC(7)   Evacuate Collection Set: 7.7ms
[2020-12-22T18:16:35.202-0800][gc,phases     ] GC(7)   Post Evacuate Collection Set: 1.8ms
[2020-12-22T18:16:35.202-0800][gc,phases     ] GC(7)   Other: 1.1ms
[2020-12-22T18:16:35.202-0800][gc,heap       ] GC(7) Eden regions: 46->0(48)
[2020-12-22T18:16:35.202-0800][gc,heap       ] GC(7) Survivor regions: 5->3(7)
[2020-12-22T18:16:35.202-0800][gc,heap       ] GC(7) Old regions: 11->13
[2020-12-22T18:16:35.202-0800][gc,heap       ] GC(7) Humongous regions: 129->129
[2020-12-22T18:16:35.202-0800][gc,metaspace  ] GC(7) Metaspace: 45097K->45097K(1091584K)
[2020-12-22T18:16:35.202-0800][gc            ] GC(7) Pause Young (Normal) (G1 Evacuation Pause) 189M->144M(1024M) 11.079ms
[2020-12-22T18:16:35.202-0800][gc,cpu        ] GC(7) User=0.06s Sys=0.00s Real=0.01s
[2020-12-22T19:16:28.983-0800][gc,start      ] GC(8) Pause Young (Normal) (G1 Evacuation Pause)
[2020-12-22T19:16:28.983-0800][gc,task       ] GC(8) Using 8 workers of 8 for evacuation
[2020-12-22T19:16:28.989-0800][gc,phases     ] GC(8)   Pre Evacuate Collection Set: 0.0ms
[2020-12-22T19:16:28.989-0800][gc,phases     ] GC(8)   Evacuate Collection Set: 4.5ms
[2020-12-22T19:16:28.989-0800][gc,phases     ] GC(8)   Post Evacuate Collection Set: 0.6ms
[2020-12-22T19:16:28.989-0800][gc,phases     ] GC(8)   Other: 0.4ms
[2020-12-22T19:16:28.989-0800][gc,heap       ] GC(8) Eden regions: 48->0(65)
[2020-12-22T19:16:28.989-0800][gc,heap       ] GC(8) Survivor regions: 3->2(7)
[2020-12-22T19:16:28.989-0800][gc,heap       ] GC(8) Old regions: 13->13
[2020-12-22T19:16:28.989-0800][gc,heap       ] GC(8) Humongous regions: 129->129
[2020-12-22T19:16:28.989-0800][gc,metaspace  ] GC(8) Metaspace: 45223K->45223K(1091584K)
[2020-12-22T19:16:28.989-0800][gc            ] GC(8) Pause Young (Normal) (G1 Evacuation Pause) 192M->143M(1024M) 5.939ms
[2020-12-22T19:16:28.989-0800][gc,cpu        ] GC(8) User=0.03s Sys=0.00s Real=0.00s
[2020-12-22T19:44:26.727-0800][gc,start      ] GC(9) Pause Young (Normal) (G1 Evacuation Pause)
[2020-12-22T19:44:26.727-0800][gc,task       ] GC(9) Using 8 workers of 8 for evacuation
[2020-12-22T19:44:26.734-0800][gc,phases     ] GC(9)   Pre Evacuate Collection Set: 0.2ms
[2020-12-22T19:44:26.734-0800][gc,phases     ] GC(9)   Evacuate Collection Set: 5.1ms
[2020-12-22T19:44:26.734-0800][gc,phases     ] GC(9)   Post Evacuate Collection Set: 0.7ms
[2020-12-22T19:44:26.734-0800][gc,phases     ] GC(9)   Other: 0.5ms
[2020-12-22T19:44:26.734-0800][gc,heap       ] GC(9) Eden regions: 65->0(99)
[2020-12-22T19:44:26.734-0800][gc,heap       ] GC(9) Survivor regions: 2->3(9)
[2020-12-22T19:44:26.734-0800][gc,heap       ] GC(9) Old regions: 13->13
[2020-12-22T19:44:26.734-0800][gc,heap       ] GC(9) Humongous regions: 129->129
[2020-12-22T19:44:26.734-0800][gc,metaspace  ] GC(9) Metaspace: 45505K->45505K(1091584K)
[2020-12-22T19:44:26.734-0800][gc            ] GC(9) Pause Young (Normal) (G1 Evacuation Pause) 208M->143M(1024M) 6.706ms
[2020-12-22T19:44:26.734-0800][gc,cpu        ] GC(9) User=0.03s Sys=0.00s Real=0.01s
[2020-12-22T23:14:13.633-0800][gc,start      ] GC(10) Pause Young (Normal) (G1 Evacuation Pause)
[2020-12-22T23:14:13.633-0800][gc,task       ] GC(10) Using 8 workers of 8 for evacuation
[2020-12-22T23:14:13.641-0800][gc,phases     ] GC(10)   Pre Evacuate Collection Set: 0.0ms
[2020-12-22T23:14:13.641-0800][gc,phases     ] GC(10)   Evacuate Collection Set: 5.0ms
[2020-12-22T23:14:13.641-0800][gc,phases     ] GC(10)   Post Evacuate Collection Set: 2.2ms
[2020-12-22T23:14:13.641-0800][gc,phases     ] GC(10)   Other: 0.5ms
[2020-12-22T23:14:13.641-0800][gc,heap       ] GC(10) Eden regions: 99->0(429)
[2020-12-22T23:14:13.641-0800][gc,heap       ] GC(10) Survivor regions: 3->3(13)
[2020-12-22T23:14:13.641-0800][gc,heap       ] GC(10) Old regions: 13->13
[2020-12-22T23:14:13.641-0800][gc,heap       ] GC(10) Humongous regions: 129->129
[2020-12-22T23:14:13.641-0800][gc,metaspace  ] GC(10) Metaspace: 45806K->45806K(1091584K)
[2020-12-22T23:14:13.641-0800][gc            ] GC(10) Pause Young (Normal) (G1 Evacuation Pause) 242M->143M(1024M) 8.042ms
[2020-12-22T23:14:13.641-0800][gc,cpu        ] GC(10) User=0.04s Sys=0.00s Real=0.01s
