[2020-12-20T02:20:05.657-0800][gc] Using G1
[2020-12-20T02:20:05.661-0800][gc,init] Version: 15+36-1562 (release)
[2020-12-20T02:20:05.661-0800][gc,init] CPUs: 8 total, 8 available
[2020-12-20T02:20:05.661-0800][gc,init] Memory: 16384M
[2020-12-20T02:20:05.661-0800][gc,init] Large Page Support: Disabled
[2020-12-20T02:20:05.661-0800][gc,init] NUMA Support: Disabled
[2020-12-20T02:20:05.661-0800][gc,init] Compressed Oops: Enabled (Zero based)
[2020-12-20T02:20:05.661-0800][gc,init] Heap Region Size: 1M
[2020-12-20T02:20:05.661-0800][gc,init] Heap Min Capacity: 512M
[2020-12-20T02:20:05.661-0800][gc,init] Heap Initial Capacity: 512M
[2020-12-20T02:20:05.661-0800][gc,init] Heap Max Capacity: 512M
[2020-12-20T02:20:05.661-0800][gc,init] Pre-touch: Disabled
[2020-12-20T02:20:05.661-0800][gc,init] Parallel Workers: 8
[2020-12-20T02:20:05.661-0800][gc,init] Concurrent Workers: 2
[2020-12-20T02:20:05.661-0800][gc,init] Concurrent Refinement Workers: 8
[2020-12-20T02:20:05.661-0800][gc,init] Periodic GC: Disabled
[2020-12-20T02:20:05.662-0800][gc,cds ] Mark closed archive regions in map: [0x00000007fff00000, 0x00000007fff78ff8]
[2020-12-20T02:20:05.662-0800][gc,cds ] Mark open archive regions in map: [0x00000007ffe00000, 0x00000007ffe50ff8]
[2020-12-20T02:20:05.662-0800][gc,metaspace] CDS archive(s) mapped at: [0x0000000800000000-0x0000000800b2c000-0x0000000800b2c000), size 11714560, SharedBaseAddress: 0x0000000800000000, ArchiveRelocationMode: 0.
[2020-12-20T02:20:05.662-0800][gc,metaspace] Compressed class space mapped at: 0x0000000800b2c000-0x0000000840b2c000, size: 1073741824
[2020-12-20T02:20:05.662-0800][gc,metaspace] Narrow klass base: 0x0000000800000000, Narrow klass shift: 3, Narrow klass range: 0x100000000
[2020-12-20T02:20:21.203-0800][gc,start    ] GC(0) Pause Young (Normal) (G1 Evacuation Pause)
[2020-12-20T02:20:21.203-0800][gc,task     ] GC(0) Using 8 workers of 8 for evacuation
[2020-12-20T02:20:21.207-0800][gc,phases   ] GC(0)   Pre Evacuate Collection Set: 0.1ms
[2020-12-20T02:20:21.208-0800][gc,phases   ] GC(0)   Merge Heap Roots: 0.0ms
[2020-12-20T02:20:21.208-0800][gc,phases   ] GC(0)   Evacuate Collection Set: 3.3ms
[2020-12-20T02:20:21.208-0800][gc,phases   ] GC(0)   Post Evacuate Collection Set: 0.6ms
[2020-12-20T02:20:21.208-0800][gc,phases   ] GC(0)   Other: 0.7ms
[2020-12-20T02:20:21.208-0800][gc,heap     ] GC(0) Eden regions: 25->0(21)
[2020-12-20T02:20:21.208-0800][gc,heap     ] GC(0) Survivor regions: 0->4(4)
[2020-12-20T02:20:21.208-0800][gc,heap     ] GC(0) Old regions: 0->2
[2020-12-20T02:20:21.208-0800][gc,heap     ] GC(0) Archive regions: 2->2
[2020-12-20T02:20:21.208-0800][gc,heap     ] GC(0) Humongous regions: 0->0
[2020-12-20T02:20:21.208-0800][gc,metaspace] GC(0) Metaspace: 7483K(7936K)->7483K(7936K) NonClass: 6641K(6912K)->6641K(6912K) Class: 842K(1024K)->842K(1024K)
[2020-12-20T02:20:21.208-0800][gc          ] GC(0) Pause Young (Normal) (G1 Evacuation Pause) 25M->6M(512M) 4.918ms
[2020-12-20T02:20:21.208-0800][gc,cpu      ] GC(0) User=0.02s Sys=0.01s Real=0.00s
[2020-12-20T13:29:01.785-0800][gc,heap,exit] Heap
[2020-12-20T13:29:01.787-0800][gc,heap,exit]  garbage-first heap   total 524288K, used 15391K [0x00000007e0000000, 0x0000000800000000)
[2020-12-20T13:29:01.787-0800][gc,heap,exit]   region size 1024K, 14 young (14336K), 4 survivors (4096K)
[2020-12-20T13:29:01.787-0800][gc,heap,exit]  Metaspace       used 8061K, capacity 8253K, committed 8448K, reserved 1056768K
[2020-12-20T13:29:01.787-0800][gc,heap,exit]   class space    used 858K, capacity 894K, committed 1024K, reserved 1048576K
