[2020-12-22T17:32:04.829-0800][gc,heap] Heap region size: 1M
[2020-12-22T17:32:04.834-0800][gc     ] Using G1
[2020-12-22T17:32:04.834-0800][gc,heap,coops] Heap address: 0x00000007e0000000, size: 512 MB, Compressed Oops mode: Zero based, Oop shift amount: 3
[2020-12-22T17:32:25.574-0800][gc,start     ] GC(0) Pause Young (Normal) (G1 Evacuation Pause)
[2020-12-22T17:32:25.574-0800][gc,task      ] GC(0) Using 8 workers of 8 for evacuation
[2020-12-22T17:32:25.581-0800][gc,phases    ] GC(0)   Pre Evacuate Collection Set: 0.0ms
[2020-12-22T17:32:25.581-0800][gc,phases    ] GC(0)   Evacuate Collection Set: 5.9ms
[2020-12-22T17:32:25.581-0800][gc,phases    ] GC(0)   Post Evacuate Collection Set: 0.5ms
[2020-12-22T17:32:25.581-0800][gc,phases    ] GC(0)   Other: 0.5ms
[2020-12-22T17:32:25.581-0800][gc,heap      ] GC(0) Eden regions: 25->0(21)
[2020-12-22T17:32:25.581-0800][gc,heap      ] GC(0) Survivor regions: 0->4(4)
[2020-12-22T17:32:25.581-0800][gc,heap      ] GC(0) Old regions: 0->2
[2020-12-22T17:32:25.581-0800][gc,heap      ] GC(0) Humongous regions: 0->0
[2020-12-22T17:32:25.581-0800][gc,metaspace ] GC(0) Metaspace: 15243K->15243K(1062912K)
[2020-12-22T17:32:25.581-0800][gc           ] GC(0) Pause Young (Normal) (G1 Evacuation Pause) 25M->5M(512M) 7.181ms
[2020-12-22T17:32:25.581-0800][gc,cpu       ] GC(0) User=0.03s Sys=0.01s Real=0.01s
[2020-12-22T17:33:37.673-0800][gc,heap,exit ] Heap
[2020-12-22T17:33:37.673-0800][gc,heap,exit ]  garbage-first heap   total 524288K, used 9784K [0x00000007e0000000, 0x0000000800000000)
[2020-12-22T17:33:37.674-0800][gc,heap,exit ]   region size 1024K, 9 young (9216K), 4 survivors (4096K)
[2020-12-22T17:33:37.674-0800][gc,heap,exit ]  Metaspace       used 15681K, capacity 16052K, committed 16384K, reserved 1064960K
[2020-12-22T17:33:37.674-0800][gc,heap,exit ]   class space    used 1583K, capacity 1708K, committed 1792K, reserved 1048576K
