[2020-12-22T17:14:15.653-0800][gc,heap] Heap region size: 1M
[2020-12-22T17:14:15.658-0800][gc     ] Using G1
[2020-12-22T17:14:15.658-0800][gc,heap,coops] Heap address: 0x00000007e0000000, size: 512 MB, Compressed Oops mode: Zero based, Oop shift amount: 3
[2020-12-22T17:14:52.137-0800][gc,start     ] GC(0) Pause Young (Normal) (G1 Evacuation Pause)
[2020-12-22T17:14:52.138-0800][gc,task      ] GC(0) Using 8 workers of 8 for evacuation
[2020-12-22T17:14:52.142-0800][gc,phases    ] GC(0)   Pre Evacuate Collection Set: 0.0ms
[2020-12-22T17:14:52.142-0800][gc,phases    ] GC(0)   Evacuate Collection Set: 3.8ms
[2020-12-22T17:14:52.142-0800][gc,phases    ] GC(0)   Post Evacuate Collection Set: 0.3ms
[2020-12-22T17:14:52.142-0800][gc,phases    ] GC(0)   Other: 1.1ms
[2020-12-22T17:14:52.142-0800][gc,heap      ] GC(0) Eden regions: 25->0(21)
[2020-12-22T17:14:52.142-0800][gc,heap      ] GC(0) Survivor regions: 0->4(4)
[2020-12-22T17:14:52.142-0800][gc,heap      ] GC(0) Old regions: 0->2
[2020-12-22T17:14:52.142-0800][gc,heap      ] GC(0) Humongous regions: 0->0
[2020-12-22T17:14:52.142-0800][gc,metaspace ] GC(0) Metaspace: 15245K->15245K(1062912K)
[2020-12-22T17:14:52.142-0800][gc           ] GC(0) Pause Young (Normal) (G1 Evacuation Pause) 25M->5M(512M) 5.431ms
[2020-12-22T17:14:52.142-0800][gc,cpu       ] GC(0) User=0.02s Sys=0.00s Real=0.01s
[2020-12-22T17:29:38.678-0800][gc,heap,exit ] Heap
[2020-12-22T17:29:38.679-0800][gc,heap,exit ]  garbage-first heap   total 524288K, used 11856K [0x00000007e0000000, 0x0000000800000000)
[2020-12-22T17:29:38.679-0800][gc,heap,exit ]   region size 1024K, 11 young (11264K), 4 survivors (4096K)
[2020-12-22T17:29:38.679-0800][gc,heap,exit ]  Metaspace       used 15816K, capacity 16180K, committed 16640K, reserved 1064960K
[2020-12-22T17:29:38.679-0800][gc,heap,exit ]   class space    used 1582K, capacity 1708K, committed 1792K, reserved 1048576K
