[2020-12-22T17:34:58.147-0800][gc,heap] Heap region size: 1M
[2020-12-22T17:34:58.152-0800][gc     ] Using G1
[2020-12-22T17:34:58.152-0800][gc,heap,coops] Heap address: 0x00000007e0000000, size: 512 MB, Compressed Oops mode: Zero based, Oop shift amount: 3
[2020-12-22T17:35:04.730-0800][gc,start     ] GC(0) Pause Young (Normal) (G1 Evacuation Pause)
[2020-12-22T17:35:04.731-0800][gc,task      ] GC(0) Using 8 workers of 8 for evacuation
[2020-12-22T17:35:04.735-0800][gc,phases    ] GC(0)   Pre Evacuate Collection Set: 0.0ms
[2020-12-22T17:35:04.735-0800][gc,phases    ] GC(0)   Evacuate Collection Set: 3.8ms
[2020-12-22T17:35:04.735-0800][gc,phases    ] GC(0)   Post Evacuate Collection Set: 0.4ms
[2020-12-22T17:35:04.735-0800][gc,phases    ] GC(0)   Other: 0.5ms
[2020-12-22T17:35:04.735-0800][gc,heap      ] GC(0) Eden regions: 25->0(21)
[2020-12-22T17:35:04.735-0800][gc,heap      ] GC(0) Survivor regions: 0->4(4)
[2020-12-22T17:35:04.735-0800][gc,heap      ] GC(0) Old regions: 0->2
[2020-12-22T17:35:04.735-0800][gc,heap      ] GC(0) Humongous regions: 0->0
[2020-12-22T17:35:04.735-0800][gc,metaspace ] GC(0) Metaspace: 15237K->15237K(1062912K)
[2020-12-22T17:35:04.735-0800][gc           ] GC(0) Pause Young (Normal) (G1 Evacuation Pause) 25M->5M(512M) 4.851ms
[2020-12-22T17:35:04.735-0800][gc,cpu       ] GC(0) User=0.02s Sys=0.01s Real=0.00s
